ERROR:app:Exception on / [GET]
Traceback (most recent call last):
  File "/home/luke/Plocha/Serverpanel/Libraries/lib/python3.14/site-packages/flask/app.py", line 1511, in wsgi_app
    response = self.full_dispatch_request()
  File "/home/luke/Plocha/Serverpanel/Libraries/lib/python3.14/site-packages/flask/app.py", line 919, in full_dispatch_request
    rv = self.handle_user_exception(e)
  File "/home/luke/Plocha/Serverpanel/Libraries/lib/python3.14/site-packages/flask/app.py", line 917, in full_dispatch_request
    rv = self.dispatch_request()
  File "/home/luke/Plocha/Serverpanel/Libraries/lib/python3.14/site-packages/flask/app.py", line 902, in dispatch_request
    return self.ensure_sync(self.view_functions[rule.endpoint])(**view_args)  # type: ignore[no-any-return]
           ~~~~~~~~~~~~~~~~~~~~~~~~~~~~~~~~~~~~~~~~~~~~~~~~~~~~^^^^^^^^^^^^^
  File "/home/luke/Plocha/Serverpanel/app.py", line 46, in index
    return render_template(
        "login.html",
    ...<4 lines>...
            "hostname": socket.gethostname()
        })
  File "/home/luke/Plocha/Serverpanel/Libraries/lib/python3.14/site-packages/flask/templating.py", line 150, in render_template
    template = app.jinja_env.get_or_select_template(template_name_or_list)
  File "/home/luke/Plocha/Serverpanel/Libraries/lib/python3.14/site-packages/jinja2/environment.py", line 1087, in get_or_select_template
    return self.get_template(template_name_or_list, parent, globals)
           ~~~~~~~~~~~~~~~~~^^^^^^^^^^^^^^^^^^^^^^^^^^^^^^^^^^^^^^^^
  File "/home/luke/Plocha/Serverpanel/Libraries/lib/python3.14/site-packages/jinja2/environment.py", line 1016, in get_template
    return self._load_template(name, globals)
           ~~~~~~~~~~~~~~~~~~~^^^^^^^^^^^^^^^
  File "/home/luke/Plocha/Serverpanel/Libraries/lib/python3.14/site-packages/jinja2/environment.py", line 975, in _load_template
    template = self.loader.load(self, name, self.make_globals(globals))
  File "/home/luke/Plocha/Serverpanel/Libraries/lib/python3.14/site-packages/jinja2/loaders.py", line 138, in load
    code = environment.compile(source, name, filename)
  File "/home/luke/Plocha/Serverpanel/Libraries/lib/python3.14/site-packages/jinja2/environment.py", line 771, in compile
    self.handle_exception(source=source_hint)
    ~~~~~~~~~~~~~~~~~~~~~^^^^^^^^^^^^^^^^^^^^
  File "/home/luke/Plocha/Serverpanel/Libraries/lib/python3.14/site-packages/jinja2/environment.py", line 942, in handle_exception
    raise rewrite_traceback_stack(source=source)
  File "/home/luke/Plocha/Serverpanel/Pages/login.html", line 221, in template
    {{% if error %}}
    ^^^^^
jinja2.exceptions.TemplateSyntaxError: unexpected '%'
ERROR:app:Exception on / [GET]
Traceback (most recent call last):
  File "/home/luke/Plocha/Serverpanel/Libraries/lib/python3.14/site-packages/flask/app.py", line 1511, in wsgi_app
    response = self.full_dispatch_request()
  File "/home/luke/Plocha/Serverpanel/Libraries/lib/python3.14/site-packages/flask/app.py", line 919, in full_dispatch_request
    rv = self.handle_user_exception(e)
  File "/home/luke/Plocha/Serverpanel/Libraries/lib/python3.14/site-packages/flask/app.py", line 917, in full_dispatch_request
    rv = self.dispatch_request()
  File "/home/luke/Plocha/Serverpanel/Libraries/lib/python3.14/site-packages/flask/app.py", line 902, in dispatch_request
    return self.ensure_sync(self.view_functions[rule.endpoint])(**view_args)  # type: ignore[no-any-return]
           ~~~~~~~~~~~~~~~~~~~~~~~~~~~~~~~~~~~~~~~~~~~~~~~~~~~~^^^^^^^^^^^^^
  File "/home/luke/Plocha/Serverpanel/app.py", line 46, in index
    return render_template(
        "login.html",
    ...<4 lines>...
            "hostname": socket.gethostname()
        })
  File "/home/luke/Plocha/Serverpanel/Libraries/lib/python3.14/site-packages/flask/templating.py", line 150, in render_template
    template = app.jinja_env.get_or_select_template(template_name_or_list)
  File "/home/luke/Plocha/Serverpanel/Libraries/lib/python3.14/site-packages/jinja2/environment.py", line 1087, in get_or_select_template
    return self.get_template(template_name_or_list, parent, globals)
           ~~~~~~~~~~~~~~~~~^^^^^^^^^^^^^^^^^^^^^^^^^^^^^^^^^^^^^^^^
  File "/home/luke/Plocha/Serverpanel/Libraries/lib/python3.14/site-packages/jinja2/environment.py", line 1016, in get_template
    return self._load_template(name, globals)
           ~~~~~~~~~~~~~~~~~~~^^^^^^^^^^^^^^^
  File "/home/luke/Plocha/Serverpanel/Libraries/lib/python3.14/site-packages/jinja2/environment.py", line 975, in _load_template
    template = self.loader.load(self, name, self.make_globals(globals))
  File "/home/luke/Plocha/Serverpanel/Libraries/lib/python3.14/site-packages/jinja2/loaders.py", line 138, in load
    code = environment.compile(source, name, filename)
  File "/home/luke/Plocha/Serverpanel/Libraries/lib/python3.14/site-packages/jinja2/environment.py", line 771, in compile
    self.handle_exception(source=source_hint)
    ~~~~~~~~~~~~~~~~~~~~~^^^^^^^^^^^^^^^^^^^^
  File "/home/luke/Plocha/Serverpanel/Libraries/lib/python3.14/site-packages/jinja2/environment.py", line 942, in handle_exception
    raise rewrite_traceback_stack(source=source)
  File "/home/luke/Plocha/Serverpanel/Pages/login.html", line 221, in template
    {{% if error %}}
    ^^^^^
jinja2.exceptions.TemplateSyntaxError: unexpected '%'
ERROR:app:Exception on / [GET]
Traceback (most recent call last):
  File "/home/luke/Plocha/Serverpanel/Libraries/lib/python3.14/site-packages/flask/app.py", line 1511, in wsgi_app
    response = self.full_dispatch_request()
  File "/home/luke/Plocha/Serverpanel/Libraries/lib/python3.14/site-packages/flask/app.py", line 919, in full_dispatch_request
    rv = self.handle_user_exception(e)
  File "/home/luke/Plocha/Serverpanel/Libraries/lib/python3.14/site-packages/flask/app.py", line 917, in full_dispatch_request
    rv = self.dispatch_request()
  File "/home/luke/Plocha/Serverpanel/Libraries/lib/python3.14/site-packages/flask/app.py", line 902, in dispatch_request
    return self.ensure_sync(self.view_functions[rule.endpoint])(**view_args)  # type: ignore[no-any-return]
           ~~~~~~~~~~~~~~~~~~~~~~~~~~~~~~~~~~~~~~~~~~~~~~~~~~~~^^^^^^^^^^^^^
  File "/home/luke/Plocha/Serverpanel/app.py", line 46, in index
    return render_template(
        "login.html",
    ...<4 lines>...
            "hostname": socket.gethostname()
        })
  File "/home/luke/Plocha/Serverpanel/Libraries/lib/python3.14/site-packages/flask/templating.py", line 150, in render_template
    template = app.jinja_env.get_or_select_template(template_name_or_list)
  File "/home/luke/Plocha/Serverpanel/Libraries/lib/python3.14/site-packages/jinja2/environment.py", line 1087, in get_or_select_template
    return self.get_template(template_name_or_list, parent, globals)
           ~~~~~~~~~~~~~~~~~^^^^^^^^^^^^^^^^^^^^^^^^^^^^^^^^^^^^^^^^
  File "/home/luke/Plocha/Serverpanel/Libraries/lib/python3.14/site-packages/jinja2/environment.py", line 1016, in get_template
    return self._load_template(name, globals)
           ~~~~~~~~~~~~~~~~~~~^^^^^^^^^^^^^^^
  File "/home/luke/Plocha/Serverpanel/Libraries/lib/python3.14/site-packages/jinja2/environment.py", line 975, in _load_template
    template = self.loader.load(self, name, self.make_globals(globals))
  File "/home/luke/Plocha/Serverpanel/Libraries/lib/python3.14/site-packages/jinja2/loaders.py", line 138, in load
    code = environment.compile(source, name, filename)
  File "/home/luke/Plocha/Serverpanel/Libraries/lib/python3.14/site-packages/jinja2/environment.py", line 771, in compile
    self.handle_exception(source=source_hint)
    ~~~~~~~~~~~~~~~~~~~~~^^^^^^^^^^^^^^^^^^^^
  File "/home/luke/Plocha/Serverpanel/Libraries/lib/python3.14/site-packages/jinja2/environment.py", line 942, in handle_exception
    raise rewrite_traceback_stack(source=source)
  File "/home/luke/Plocha/Serverpanel/Pages/login.html", line 221, in template
    {{% if error %}}
    ^^^^^
jinja2.exceptions.TemplateSyntaxError: unexpected '%'
ERROR:app:Exception on / [GET]
Traceback (most recent call last):
  File "/home/luke/Plocha/Serverpanel/Libraries/lib/python3.14/site-packages/flask/app.py", line 1511, in wsgi_app
    response = self.full_dispatch_request()
  File "/home/luke/Plocha/Serverpanel/Libraries/lib/python3.14/site-packages/flask/app.py", line 919, in full_dispatch_request
    rv = self.handle_user_exception(e)
  File "/home/luke/Plocha/Serverpanel/Libraries/lib/python3.14/site-packages/flask/app.py", line 917, in full_dispatch_request
    rv = self.dispatch_request()
  File "/home/luke/Plocha/Serverpanel/Libraries/lib/python3.14/site-packages/flask/app.py", line 902, in dispatch_request
    return self.ensure_sync(self.view_functions[rule.endpoint])(**view_args)  # type: ignore[no-any-return]
           ~~~~~~~~~~~~~~~~~~~~~~~~~~~~~~~~~~~~~~~~~~~~~~~~~~~~^^^^^^^^^^^^^
  File "/home/luke/Plocha/Serverpanel/app.py", line 46, in index
    return render_template(
        "login.html",
    ...<4 lines>...
            "hostname": socket.gethostname()
        })
  File "/home/luke/Plocha/Serverpanel/Libraries/lib/python3.14/site-packages/flask/templating.py", line 150, in render_template
    template = app.jinja_env.get_or_select_template(template_name_or_list)
  File "/home/luke/Plocha/Serverpanel/Libraries/lib/python3.14/site-packages/jinja2/environment.py", line 1087, in get_or_select_template
    return self.get_template(template_name_or_list, parent, globals)
           ~~~~~~~~~~~~~~~~~^^^^^^^^^^^^^^^^^^^^^^^^^^^^^^^^^^^^^^^^
  File "/home/luke/Plocha/Serverpanel/Libraries/lib/python3.14/site-packages/jinja2/environment.py", line 1016, in get_template
    return self._load_template(name, globals)
           ~~~~~~~~~~~~~~~~~~~^^^^^^^^^^^^^^^
  File "/home/luke/Plocha/Serverpanel/Libraries/lib/python3.14/site-packages/jinja2/environment.py", line 975, in _load_template
    template = self.loader.load(self, name, self.make_globals(globals))
  File "/home/luke/Plocha/Serverpanel/Libraries/lib/python3.14/site-packages/jinja2/loaders.py", line 138, in load
    code = environment.compile(source, name, filename)
  File "/home/luke/Plocha/Serverpanel/Libraries/lib/python3.14/site-packages/jinja2/environment.py", line 771, in compile
    self.handle_exception(source=source_hint)
    ~~~~~~~~~~~~~~~~~~~~~^^^^^^^^^^^^^^^^^^^^
  File "/home/luke/Plocha/Serverpanel/Libraries/lib/python3.14/site-packages/jinja2/environment.py", line 942, in handle_exception
    raise rewrite_traceback_stack(source=source)
  File "/home/luke/Plocha/Serverpanel/Pages/login.html", line 221, in template
    {{% if error %}}
    ^^^^^
jinja2.exceptions.TemplateSyntaxError: unexpected '%'
ERROR:app:Exception on / [GET]
Traceback (most recent call last):
  File "/home/luke/Plocha/Serverpanel/Libraries/lib/python3.14/site-packages/flask/app.py", line 1511, in wsgi_app
    response = self.full_dispatch_request()
  File "/home/luke/Plocha/Serverpanel/Libraries/lib/python3.14/site-packages/flask/app.py", line 919, in full_dispatch_request
    rv = self.handle_user_exception(e)
  File "/home/luke/Plocha/Serverpanel/Libraries/lib/python3.14/site-packages/flask/app.py", line 917, in full_dispatch_request
    rv = self.dispatch_request()
  File "/home/luke/Plocha/Serverpanel/Libraries/lib/python3.14/site-packages/flask/app.py", line 902, in dispatch_request
    return self.ensure_sync(self.view_functions[rule.endpoint])(**view_args)  # type: ignore[no-any-return]
           ~~~~~~~~~~~~~~~~~~~~~~~~~~~~~~~~~~~~~~~~~~~~~~~~~~~~^^^^^^^^^^^^^
  File "/home/luke/Plocha/Serverpanel/app.py", line 46, in index
    return render_template(
        "login.html",
    ...<4 lines>...
            "hostname": socket.gethostname()
        })
  File "/home/luke/Plocha/Serverpanel/Libraries/lib/python3.14/site-packages/flask/templating.py", line 150, in render_template
    template = app.jinja_env.get_or_select_template(template_name_or_list)
  File "/home/luke/Plocha/Serverpanel/Libraries/lib/python3.14/site-packages/jinja2/environment.py", line 1087, in get_or_select_template
    return self.get_template(template_name_or_list, parent, globals)
           ~~~~~~~~~~~~~~~~~^^^^^^^^^^^^^^^^^^^^^^^^^^^^^^^^^^^^^^^^
  File "/home/luke/Plocha/Serverpanel/Libraries/lib/python3.14/site-packages/jinja2/environment.py", line 1016, in get_template
    return self._load_template(name, globals)
           ~~~~~~~~~~~~~~~~~~~^^^^^^^^^^^^^^^
  File "/home/luke/Plocha/Serverpanel/Libraries/lib/python3.14/site-packages/jinja2/environment.py", line 975, in _load_template
    template = self.loader.load(self, name, self.make_globals(globals))
  File "/home/luke/Plocha/Serverpanel/Libraries/lib/python3.14/site-packages/jinja2/loaders.py", line 138, in load
    code = environment.compile(source, name, filename)
  File "/home/luke/Plocha/Serverpanel/Libraries/lib/python3.14/site-packages/jinja2/environment.py", line 771, in compile
    self.handle_exception(source=source_hint)
    ~~~~~~~~~~~~~~~~~~~~~^^^^^^^^^^^^^^^^^^^^
  File "/home/luke/Plocha/Serverpanel/Libraries/lib/python3.14/site-packages/jinja2/environment.py", line 942, in handle_exception
    raise rewrite_traceback_stack(source=source)
  File "/home/luke/Plocha/Serverpanel/Pages/login.html", line 221, in template
    {{% if error %}}
    ^^^^^
jinja2.exceptions.TemplateSyntaxError: unexpected '%'
ERROR:app:Exception on / [GET]
Traceback (most recent call last):
  File "/home/luke/Plocha/Serverpanel/Libraries/lib/python3.14/site-packages/flask/app.py", line 1511, in wsgi_app
    response = self.full_dispatch_request()
  File "/home/luke/Plocha/Serverpanel/Libraries/lib/python3.14/site-packages/flask/app.py", line 919, in full_dispatch_request
    rv = self.handle_user_exception(e)
  File "/home/luke/Plocha/Serverpanel/Libraries/lib/python3.14/site-packages/flask/app.py", line 917, in full_dispatch_request
    rv = self.dispatch_request()
  File "/home/luke/Plocha/Serverpanel/Libraries/lib/python3.14/site-packages/flask/app.py", line 902, in dispatch_request
    return self.ensure_sync(self.view_functions[rule.endpoint])(**view_args)  # type: ignore[no-any-return]
           ~~~~~~~~~~~~~~~~~~~~~~~~~~~~~~~~~~~~~~~~~~~~~~~~~~~~^^^^^^^^^^^^^
  File "/home/luke/Plocha/Serverpanel/app.py", line 46, in index
    return render_template(
        "login.html",
    ...<4 lines>...
            "hostname": socket.gethostname()
        })
  File "/home/luke/Plocha/Serverpanel/Libraries/lib/python3.14/site-packages/flask/templating.py", line 150, in render_template
    template = app.jinja_env.get_or_select_template(template_name_or_list)
  File "/home/luke/Plocha/Serverpanel/Libraries/lib/python3.14/site-packages/jinja2/environment.py", line 1087, in get_or_select_template
    return self.get_template(template_name_or_list, parent, globals)
           ~~~~~~~~~~~~~~~~~^^^^^^^^^^^^^^^^^^^^^^^^^^^^^^^^^^^^^^^^
  File "/home/luke/Plocha/Serverpanel/Libraries/lib/python3.14/site-packages/jinja2/environment.py", line 1016, in get_template
    return self._load_template(name, globals)
           ~~~~~~~~~~~~~~~~~~~^^^^^^^^^^^^^^^
  File "/home/luke/Plocha/Serverpanel/Libraries/lib/python3.14/site-packages/jinja2/environment.py", line 975, in _load_template
    template = self.loader.load(self, name, self.make_globals(globals))
  File "/home/luke/Plocha/Serverpanel/Libraries/lib/python3.14/site-packages/jinja2/loaders.py", line 138, in load
    code = environment.compile(source, name, filename)
  File "/home/luke/Plocha/Serverpanel/Libraries/lib/python3.14/site-packages/jinja2/environment.py", line 771, in compile
    self.handle_exception(source=source_hint)
    ~~~~~~~~~~~~~~~~~~~~~^^^^^^^^^^^^^^^^^^^^
  File "/home/luke/Plocha/Serverpanel/Libraries/lib/python3.14/site-packages/jinja2/environment.py", line 942, in handle_exception
    raise rewrite_traceback_stack(source=source)
  File "/home/luke/Plocha/Serverpanel/Pages/login.html", line 221, in template
    {{% if error %}}
    ^^^^^
jinja2.exceptions.TemplateSyntaxError: unexpected '%'
ERROR:app:Exception on / [GET]
Traceback (most recent call last):
  File "/home/luke/Plocha/Serverpanel/Libraries/lib/python3.14/site-packages/flask/app.py", line 1511, in wsgi_app
    response = self.full_dispatch_request()
  File "/home/luke/Plocha/Serverpanel/Libraries/lib/python3.14/site-packages/flask/app.py", line 919, in full_dispatch_request
    rv = self.handle_user_exception(e)
  File "/home/luke/Plocha/Serverpanel/Libraries/lib/python3.14/site-packages/flask/app.py", line 917, in full_dispatch_request
    rv = self.dispatch_request()
  File "/home/luke/Plocha/Serverpanel/Libraries/lib/python3.14/site-packages/flask/app.py", line 902, in dispatch_request
    return self.ensure_sync(self.view_functions[rule.endpoint])(**view_args)  # type: ignore[no-any-return]
           ~~~~~~~~~~~~~~~~~~~~~~~~~~~~~~~~~~~~~~~~~~~~~~~~~~~~^^^^^^^^^^^^^
  File "/home/luke/Plocha/Serverpanel/app.py", line 46, in index
    return render_template(
        "login.html",
    ...<4 lines>...
            "hostname": socket.gethostname()
        })
  File "/home/luke/Plocha/Serverpanel/Libraries/lib/python3.14/site-packages/flask/templating.py", line 150, in render_template
    template = app.jinja_env.get_or_select_template(template_name_or_list)
  File "/home/luke/Plocha/Serverpanel/Libraries/lib/python3.14/site-packages/jinja2/environment.py", line 1087, in get_or_select_template
    return self.get_template(template_name_or_list, parent, globals)
           ~~~~~~~~~~~~~~~~~^^^^^^^^^^^^^^^^^^^^^^^^^^^^^^^^^^^^^^^^
  File "/home/luke/Plocha/Serverpanel/Libraries/lib/python3.14/site-packages/jinja2/environment.py", line 1016, in get_template
    return self._load_template(name, globals)
           ~~~~~~~~~~~~~~~~~~~^^^^^^^^^^^^^^^
  File "/home/luke/Plocha/Serverpanel/Libraries/lib/python3.14/site-packages/jinja2/environment.py", line 975, in _load_template
    template = self.loader.load(self, name, self.make_globals(globals))
  File "/home/luke/Plocha/Serverpanel/Libraries/lib/python3.14/site-packages/jinja2/loaders.py", line 138, in load
    code = environment.compile(source, name, filename)
  File "/home/luke/Plocha/Serverpanel/Libraries/lib/python3.14/site-packages/jinja2/environment.py", line 771, in compile
    self.handle_exception(source=source_hint)
    ~~~~~~~~~~~~~~~~~~~~~^^^^^^^^^^^^^^^^^^^^
  File "/home/luke/Plocha/Serverpanel/Libraries/lib/python3.14/site-packages/jinja2/environment.py", line 942, in handle_exception
    raise rewrite_traceback_stack(source=source)
  File "/home/luke/Plocha/Serverpanel/Pages/login.html", line 221, in template
    {{% if error %}}
    ^^^^^
jinja2.exceptions.TemplateSyntaxError: unexpected '%'
ERROR:app:Exception on / [GET]
Traceback (most recent call last):
  File "/home/luke/Plocha/Serverpanel/Libraries/lib/python3.14/site-packages/flask/app.py", line 1511, in wsgi_app
    response = self.full_dispatch_request()
  File "/home/luke/Plocha/Serverpanel/Libraries/lib/python3.14/site-packages/flask/app.py", line 919, in full_dispatch_request
    rv = self.handle_user_exception(e)
  File "/home/luke/Plocha/Serverpanel/Libraries/lib/python3.14/site-packages/flask/app.py", line 917, in full_dispatch_request
    rv = self.dispatch_request()
  File "/home/luke/Plocha/Serverpanel/Libraries/lib/python3.14/site-packages/flask/app.py", line 902, in dispatch_request
    return self.ensure_sync(self.view_functions[rule.endpoint])(**view_args)  # type: ignore[no-any-return]
           ~~~~~~~~~~~~~~~~~~~~~~~~~~~~~~~~~~~~~~~~~~~~~~~~~~~~^^^^^^^^^^^^^
  File "/home/luke/Plocha/Serverpanel/app.py", line 46, in index
    return render_template(
        "login.html",
    ...<4 lines>...
            "hostname": socket.gethostname()
        })
  File "/home/luke/Plocha/Serverpanel/Libraries/lib/python3.14/site-packages/flask/templating.py", line 150, in render_template
    template = app.jinja_env.get_or_select_template(template_name_or_list)
  File "/home/luke/Plocha/Serverpanel/Libraries/lib/python3.14/site-packages/jinja2/environment.py", line 1087, in get_or_select_template
    return self.get_template(template_name_or_list, parent, globals)
           ~~~~~~~~~~~~~~~~~^^^^^^^^^^^^^^^^^^^^^^^^^^^^^^^^^^^^^^^^
  File "/home/luke/Plocha/Serverpanel/Libraries/lib/python3.14/site-packages/jinja2/environment.py", line 1016, in get_template
    return self._load_template(name, globals)
           ~~~~~~~~~~~~~~~~~~~^^^^^^^^^^^^^^^
  File "/home/luke/Plocha/Serverpanel/Libraries/lib/python3.14/site-packages/jinja2/environment.py", line 975, in _load_template
    template = self.loader.load(self, name, self.make_globals(globals))
  File "/home/luke/Plocha/Serverpanel/Libraries/lib/python3.14/site-packages/jinja2/loaders.py", line 138, in load
    code = environment.compile(source, name, filename)
  File "/home/luke/Plocha/Serverpanel/Libraries/lib/python3.14/site-packages/jinja2/environment.py", line 771, in compile
    self.handle_exception(source=source_hint)
    ~~~~~~~~~~~~~~~~~~~~~^^^^^^^^^^^^^^^^^^^^
  File "/home/luke/Plocha/Serverpanel/Libraries/lib/python3.14/site-packages/jinja2/environment.py", line 942, in handle_exception
    raise rewrite_traceback_stack(source=source)
  File "/home/luke/Plocha/Serverpanel/Pages/login.html", line 221, in template
    {{% if error %}}
    ^^^^^
jinja2.exceptions.TemplateSyntaxError: unexpected '%'
ERROR:app:Exception on / [GET]
Traceback (most recent call last):
  File "/home/luke/Plocha/Serverpanel/Libraries/lib/python3.14/site-packages/flask/app.py", line 1511, in wsgi_app
    response = self.full_dispatch_request()
  File "/home/luke/Plocha/Serverpanel/Libraries/lib/python3.14/site-packages/flask/app.py", line 919, in full_dispatch_request
    rv = self.handle_user_exception(e)
  File "/home/luke/Plocha/Serverpanel/Libraries/lib/python3.14/site-packages/flask/app.py", line 917, in full_dispatch_request
    rv = self.dispatch_request()
  File "/home/luke/Plocha/Serverpanel/Libraries/lib/python3.14/site-packages/flask/app.py", line 902, in dispatch_request
    return self.ensure_sync(self.view_functions[rule.endpoint])(**view_args)  # type: ignore[no-any-return]
           ~~~~~~~~~~~~~~~~~~~~~~~~~~~~~~~~~~~~~~~~~~~~~~~~~~~~^^^^^^^^^^^^^
  File "/home/luke/Plocha/Serverpanel/app.py", line 46, in index
    return render_template(
        "login.html",
    ...<4 lines>...
            "hostname": socket.gethostname()
        })
  File "/home/luke/Plocha/Serverpanel/Libraries/lib/python3.14/site-packages/flask/templating.py", line 150, in render_template
    template = app.jinja_env.get_or_select_template(template_name_or_list)
  File "/home/luke/Plocha/Serverpanel/Libraries/lib/python3.14/site-packages/jinja2/environment.py", line 1087, in get_or_select_template
    return self.get_template(template_name_or_list, parent, globals)
           ~~~~~~~~~~~~~~~~~^^^^^^^^^^^^^^^^^^^^^^^^^^^^^^^^^^^^^^^^
  File "/home/luke/Plocha/Serverpanel/Libraries/lib/python3.14/site-packages/jinja2/environment.py", line 1016, in get_template
    return self._load_template(name, globals)
           ~~~~~~~~~~~~~~~~~~~^^^^^^^^^^^^^^^
  File "/home/luke/Plocha/Serverpanel/Libraries/lib/python3.14/site-packages/jinja2/environment.py", line 975, in _load_template
    template = self.loader.load(self, name, self.make_globals(globals))
  File "/home/luke/Plocha/Serverpanel/Libraries/lib/python3.14/site-packages/jinja2/loaders.py", line 138, in load
    code = environment.compile(source, name, filename)
  File "/home/luke/Plocha/Serverpanel/Libraries/lib/python3.14/site-packages/jinja2/environment.py", line 771, in compile
    self.handle_exception(source=source_hint)
    ~~~~~~~~~~~~~~~~~~~~~^^^^^^^^^^^^^^^^^^^^
  File "/home/luke/Plocha/Serverpanel/Libraries/lib/python3.14/site-packages/jinja2/environment.py", line 942, in handle_exception
    raise rewrite_traceback_stack(source=source)
  File "/home/luke/Plocha/Serverpanel/Pages/login.html", line 221, in template
    {{% if error %}}
    ^^^^^
jinja2.exceptions.TemplateSyntaxError: unexpected '%'
ERROR:app:Exception on / [GET]
Traceback (most recent call last):
  File "/home/luke/Plocha/Serverpanel/Libraries/lib/python3.14/site-packages/flask/app.py", line 1511, in wsgi_app
    response = self.full_dispatch_request()
  File "/home/luke/Plocha/Serverpanel/Libraries/lib/python3.14/site-packages/flask/app.py", line 919, in full_dispatch_request
    rv = self.handle_user_exception(e)
  File "/home/luke/Plocha/Serverpanel/Libraries/lib/python3.14/site-packages/flask/app.py", line 917, in full_dispatch_request
    rv = self.dispatch_request()
  File "/home/luke/Plocha/Serverpanel/Libraries/lib/python3.14/site-packages/flask/app.py", line 902, in dispatch_request
    return self.ensure_sync(self.view_functions[rule.endpoint])(**view_args)  # type: ignore[no-any-return]
           ~~~~~~~~~~~~~~~~~~~~~~~~~~~~~~~~~~~~~~~~~~~~~~~~~~~~^^^^^^^^^^^^^
  File "/home/luke/Plocha/Serverpanel/app.py", line 46, in index
    return render_template(
        "login.html",
    ...<4 lines>...
            "hostname": socket.gethostname()
        })
  File "/home/luke/Plocha/Serverpanel/Libraries/lib/python3.14/site-packages/flask/templating.py", line 150, in render_template
    template = app.jinja_env.get_or_select_template(template_name_or_list)
  File "/home/luke/Plocha/Serverpanel/Libraries/lib/python3.14/site-packages/jinja2/environment.py", line 1087, in get_or_select_template
    return self.get_template(template_name_or_list, parent, globals)
           ~~~~~~~~~~~~~~~~~^^^^^^^^^^^^^^^^^^^^^^^^^^^^^^^^^^^^^^^^
  File "/home/luke/Plocha/Serverpanel/Libraries/lib/python3.14/site-packages/jinja2/environment.py", line 1016, in get_template
    return self._load_template(name, globals)
           ~~~~~~~~~~~~~~~~~~~^^^^^^^^^^^^^^^
  File "/home/luke/Plocha/Serverpanel/Libraries/lib/python3.14/site-packages/jinja2/environment.py", line 975, in _load_template
    template = self.loader.load(self, name, self.make_globals(globals))
  File "/home/luke/Plocha/Serverpanel/Libraries/lib/python3.14/site-packages/jinja2/loaders.py", line 138, in load
    code = environment.compile(source, name, filename)
  File "/home/luke/Plocha/Serverpanel/Libraries/lib/python3.14/site-packages/jinja2/environment.py", line 771, in compile
    self.handle_exception(source=source_hint)
    ~~~~~~~~~~~~~~~~~~~~~^^^^^^^^^^^^^^^^^^^^
  File "/home/luke/Plocha/Serverpanel/Libraries/lib/python3.14/site-packages/jinja2/environment.py", line 942, in handle_exception
    raise rewrite_traceback_stack(source=source)
  File "/home/luke/Plocha/Serverpanel/Pages/login.html", line 221, in template
    {{% if error %}}
    ^^^^^
jinja2.exceptions.TemplateSyntaxError: unexpected '%'
ERROR:app:Exception on / [GET]
Traceback (most recent call last):
  File "/home/luke/Plocha/Serverpanel/Libraries/lib/python3.14/site-packages/flask/app.py", line 1511, in wsgi_app
    response = self.full_dispatch_request()
  File "/home/luke/Plocha/Serverpanel/Libraries/lib/python3.14/site-packages/flask/app.py", line 919, in full_dispatch_request
    rv = self.handle_user_exception(e)
  File "/home/luke/Plocha/Serverpanel/Libraries/lib/python3.14/site-packages/flask/app.py", line 917, in full_dispatch_request
    rv = self.dispatch_request()
  File "/home/luke/Plocha/Serverpanel/Libraries/lib/python3.14/site-packages/flask/app.py", line 902, in dispatch_request
    return self.ensure_sync(self.view_functions[rule.endpoint])(**view_args)  # type: ignore[no-any-return]
           ~~~~~~~~~~~~~~~~~~~~~~~~~~~~~~~~~~~~~~~~~~~~~~~~~~~~^^^^^^^^^^^^^
  File "/home/luke/Plocha/Serverpanel/app.py", line 47, in index
    return render_template(
        "login.html",
    ...<4 lines>...
            "hostname": socket.gethostname()
        })
  File "/home/luke/Plocha/Serverpanel/Libraries/lib/python3.14/site-packages/flask/templating.py", line 150, in render_template
    template = app.jinja_env.get_or_select_template(template_name_or_list)
  File "/home/luke/Plocha/Serverpanel/Libraries/lib/python3.14/site-packages/jinja2/environment.py", line 1087, in get_or_select_template
    return self.get_template(template_name_or_list, parent, globals)
           ~~~~~~~~~~~~~~~~~^^^^^^^^^^^^^^^^^^^^^^^^^^^^^^^^^^^^^^^^
  File "/home/luke/Plocha/Serverpanel/Libraries/lib/python3.14/site-packages/jinja2/environment.py", line 1016, in get_template
    return self._load_template(name, globals)
           ~~~~~~~~~~~~~~~~~~~^^^^^^^^^^^^^^^
  File "/home/luke/Plocha/Serverpanel/Libraries/lib/python3.14/site-packages/jinja2/environment.py", line 975, in _load_template
    template = self.loader.load(self, name, self.make_globals(globals))
  File "/home/luke/Plocha/Serverpanel/Libraries/lib/python3.14/site-packages/jinja2/loaders.py", line 138, in load
    code = environment.compile(source, name, filename)
  File "/home/luke/Plocha/Serverpanel/Libraries/lib/python3.14/site-packages/jinja2/environment.py", line 771, in compile
    self.handle_exception(source=source_hint)
    ~~~~~~~~~~~~~~~~~~~~~^^^^^^^^^^^^^^^^^^^^
  File "/home/luke/Plocha/Serverpanel/Libraries/lib/python3.14/site-packages/jinja2/environment.py", line 942, in handle_exception
    raise rewrite_traceback_stack(source=source)
  File "/home/luke/Plocha/Serverpanel/Pages/login.html", line 221, in template
    {{% if error %}}
    ^^^^^
jinja2.exceptions.TemplateSyntaxError: unexpected '%'
ERROR:app:Exception on / [GET]
Traceback (most recent call last):
  File "/home/luke/Plocha/Serverpanel/Libraries/lib/python3.14/site-packages/flask/app.py", line 1511, in wsgi_app
    response = self.full_dispatch_request()
  File "/home/luke/Plocha/Serverpanel/Libraries/lib/python3.14/site-packages/flask/app.py", line 919, in full_dispatch_request
    rv = self.handle_user_exception(e)
  File "/home/luke/Plocha/Serverpanel/Libraries/lib/python3.14/site-packages/flask/app.py", line 917, in full_dispatch_request
    rv = self.dispatch_request()
  File "/home/luke/Plocha/Serverpanel/Libraries/lib/python3.14/site-packages/flask/app.py", line 902, in dispatch_request
    return self.ensure_sync(self.view_functions[rule.endpoint])(**view_args)  # type: ignore[no-any-return]
           ~~~~~~~~~~~~~~~~~~~~~~~~~~~~~~~~~~~~~~~~~~~~~~~~~~~~^^^^^^^^^^^^^
  File "/home/luke/Plocha/Serverpanel/app.py", line 47, in index
    return render_template(
        "login.html",
    ...<4 lines>...
            "hostname": socket.gethostname()
        })
  File "/home/luke/Plocha/Serverpanel/Libraries/lib/python3.14/site-packages/flask/templating.py", line 150, in render_template
    template = app.jinja_env.get_or_select_template(template_name_or_list)
  File "/home/luke/Plocha/Serverpanel/Libraries/lib/python3.14/site-packages/jinja2/environment.py", line 1087, in get_or_select_template
    return self.get_template(template_name_or_list, parent, globals)
           ~~~~~~~~~~~~~~~~~^^^^^^^^^^^^^^^^^^^^^^^^^^^^^^^^^^^^^^^^
  File "/home/luke/Plocha/Serverpanel/Libraries/lib/python3.14/site-packages/jinja2/environment.py", line 1016, in get_template
    return self._load_template(name, globals)
           ~~~~~~~~~~~~~~~~~~~^^^^^^^^^^^^^^^
  File "/home/luke/Plocha/Serverpanel/Libraries/lib/python3.14/site-packages/jinja2/environment.py", line 975, in _load_template
    template = self.loader.load(self, name, self.make_globals(globals))
  File "/home/luke/Plocha/Serverpanel/Libraries/lib/python3.14/site-packages/jinja2/loaders.py", line 138, in load
    code = environment.compile(source, name, filename)
  File "/home/luke/Plocha/Serverpanel/Libraries/lib/python3.14/site-packages/jinja2/environment.py", line 771, in compile
    self.handle_exception(source=source_hint)
    ~~~~~~~~~~~~~~~~~~~~~^^^^^^^^^^^^^^^^^^^^
  File "/home/luke/Plocha/Serverpanel/Libraries/lib/python3.14/site-packages/jinja2/environment.py", line 942, in handle_exception
    raise rewrite_traceback_stack(source=source)
  File "/home/luke/Plocha/Serverpanel/Pages/login.html", line 221, in template
    {{% if error %}}
    ^^^^^
jinja2.exceptions.TemplateSyntaxError: unexpected '%'
ERROR:app:Exception on / [GET]
Traceback (most recent call last):
  File "/home/luke/Plocha/Serverpanel/Libraries/lib/python3.14/site-packages/flask/app.py", line 1511, in wsgi_app
    response = self.full_dispatch_request()
  File "/home/luke/Plocha/Serverpanel/Libraries/lib/python3.14/site-packages/flask/app.py", line 919, in full_dispatch_request
    rv = self.handle_user_exception(e)
  File "/home/luke/Plocha/Serverpanel/Libraries/lib/python3.14/site-packages/flask/app.py", line 917, in full_dispatch_request
    rv = self.dispatch_request()
  File "/home/luke/Plocha/Serverpanel/Libraries/lib/python3.14/site-packages/flask/app.py", line 902, in dispatch_request
    return self.ensure_sync(self.view_functions[rule.endpoint])(**view_args)  # type: ignore[no-any-return]
           ~~~~~~~~~~~~~~~~~~~~~~~~~~~~~~~~~~~~~~~~~~~~~~~~~~~~^^^^^^^^^^^^^
  File "/home/luke/Plocha/Serverpanel/app.py", line 47, in index
    return render_template(
        "login.html",
    ...<4 lines>...
            "hostname": socket.gethostname()
        })
  File "/home/luke/Plocha/Serverpanel/Libraries/lib/python3.14/site-packages/flask/templating.py", line 150, in render_template
    template = app.jinja_env.get_or_select_template(template_name_or_list)
  File "/home/luke/Plocha/Serverpanel/Libraries/lib/python3.14/site-packages/jinja2/environment.py", line 1087, in get_or_select_template
    return self.get_template(template_name_or_list, parent, globals)
           ~~~~~~~~~~~~~~~~~^^^^^^^^^^^^^^^^^^^^^^^^^^^^^^^^^^^^^^^^
  File "/home/luke/Plocha/Serverpanel/Libraries/lib/python3.14/site-packages/jinja2/environment.py", line 1016, in get_template
    return self._load_template(name, globals)
           ~~~~~~~~~~~~~~~~~~~^^^^^^^^^^^^^^^
  File "/home/luke/Plocha/Serverpanel/Libraries/lib/python3.14/site-packages/jinja2/environment.py", line 975, in _load_template
    template = self.loader.load(self, name, self.make_globals(globals))
  File "/home/luke/Plocha/Serverpanel/Libraries/lib/python3.14/site-packages/jinja2/loaders.py", line 138, in load
    code = environment.compile(source, name, filename)
  File "/home/luke/Plocha/Serverpanel/Libraries/lib/python3.14/site-packages/jinja2/environment.py", line 771, in compile
    self.handle_exception(source=source_hint)
    ~~~~~~~~~~~~~~~~~~~~~^^^^^^^^^^^^^^^^^^^^
  File "/home/luke/Plocha/Serverpanel/Libraries/lib/python3.14/site-packages/jinja2/environment.py", line 942, in handle_exception
    raise rewrite_traceback_stack(source=source)
  File "/home/luke/Plocha/Serverpanel/Pages/login.html", line 221, in template
    {{% if error %}}
    ^^^^^
jinja2.exceptions.TemplateSyntaxError: unexpected '%'
ERROR:app:Exception on / [GET]
Traceback (most recent call last):
  File "/home/luke/Plocha/Serverpanel/Libraries/lib/python3.14/site-packages/flask/app.py", line 1511, in wsgi_app
    response = self.full_dispatch_request()
  File "/home/luke/Plocha/Serverpanel/Libraries/lib/python3.14/site-packages/flask/app.py", line 919, in full_dispatch_request
    rv = self.handle_user_exception(e)
  File "/home/luke/Plocha/Serverpanel/Libraries/lib/python3.14/site-packages/flask/app.py", line 917, in full_dispatch_request
    rv = self.dispatch_request()
  File "/home/luke/Plocha/Serverpanel/Libraries/lib/python3.14/site-packages/flask/app.py", line 902, in dispatch_request
    return self.ensure_sync(self.view_functions[rule.endpoint])(**view_args)  # type: ignore[no-any-return]
           ~~~~~~~~~~~~~~~~~~~~~~~~~~~~~~~~~~~~~~~~~~~~~~~~~~~~^^^^^^^^^^^^^
  File "/home/luke/Plocha/Serverpanel/app.py", line 47, in index
    return render_template(
        "login.html",
    ...<4 lines>...
            "hostname": socket.gethostname()
        })
  File "/home/luke/Plocha/Serverpanel/Libraries/lib/python3.14/site-packages/flask/templating.py", line 150, in render_template
    template = app.jinja_env.get_or_select_template(template_name_or_list)
  File "/home/luke/Plocha/Serverpanel/Libraries/lib/python3.14/site-packages/jinja2/environment.py", line 1087, in get_or_select_template
    return self.get_template(template_name_or_list, parent, globals)
           ~~~~~~~~~~~~~~~~~^^^^^^^^^^^^^^^^^^^^^^^^^^^^^^^^^^^^^^^^
  File "/home/luke/Plocha/Serverpanel/Libraries/lib/python3.14/site-packages/jinja2/environment.py", line 1016, in get_template
    return self._load_template(name, globals)
           ~~~~~~~~~~~~~~~~~~~^^^^^^^^^^^^^^^
  File "/home/luke/Plocha/Serverpanel/Libraries/lib/python3.14/site-packages/jinja2/environment.py", line 975, in _load_template
    template = self.loader.load(self, name, self.make_globals(globals))
  File "/home/luke/Plocha/Serverpanel/Libraries/lib/python3.14/site-packages/jinja2/loaders.py", line 138, in load
    code = environment.compile(source, name, filename)
  File "/home/luke/Plocha/Serverpanel/Libraries/lib/python3.14/site-packages/jinja2/environment.py", line 771, in compile
    self.handle_exception(source=source_hint)
    ~~~~~~~~~~~~~~~~~~~~~^^^^^^^^^^^^^^^^^^^^
  File "/home/luke/Plocha/Serverpanel/Libraries/lib/python3.14/site-packages/jinja2/environment.py", line 942, in handle_exception
    raise rewrite_traceback_stack(source=source)
  File "/home/luke/Plocha/Serverpanel/Pages/login.html", line 221, in template
    {{% if error %}}
    ^^^^^
jinja2.exceptions.TemplateSyntaxError: unexpected '%'
ERROR:app:Exception on / [GET]
Traceback (most recent call last):
  File "/home/luke/Plocha/Serverpanel/Libraries/lib/python3.14/site-packages/flask/app.py", line 1511, in wsgi_app
    response = self.full_dispatch_request()
  File "/home/luke/Plocha/Serverpanel/Libraries/lib/python3.14/site-packages/flask/app.py", line 919, in full_dispatch_request
    rv = self.handle_user_exception(e)
  File "/home/luke/Plocha/Serverpanel/Libraries/lib/python3.14/site-packages/flask/app.py", line 917, in full_dispatch_request
    rv = self.dispatch_request()
  File "/home/luke/Plocha/Serverpanel/Libraries/lib/python3.14/site-packages/flask/app.py", line 902, in dispatch_request
    return self.ensure_sync(self.view_functions[rule.endpoint])(**view_args)  # type: ignore[no-any-return]
           ~~~~~~~~~~~~~~~~~~~~~~~~~~~~~~~~~~~~~~~~~~~~~~~~~~~~^^^^^^^^^^^^^
  File "/home/luke/Plocha/Serverpanel/app.py", line 47, in index
    return render_template(
        "login.html",
    ...<4 lines>...
            "hostname": socket.gethostname()
        })
  File "/home/luke/Plocha/Serverpanel/Libraries/lib/python3.14/site-packages/flask/templating.py", line 150, in render_template
    template = app.jinja_env.get_or_select_template(template_name_or_list)
  File "/home/luke/Plocha/Serverpanel/Libraries/lib/python3.14/site-packages/jinja2/environment.py", line 1087, in get_or_select_template
    return self.get_template(template_name_or_list, parent, globals)
           ~~~~~~~~~~~~~~~~~^^^^^^^^^^^^^^^^^^^^^^^^^^^^^^^^^^^^^^^^
  File "/home/luke/Plocha/Serverpanel/Libraries/lib/python3.14/site-packages/jinja2/environment.py", line 1016, in get_template
    return self._load_template(name, globals)
           ~~~~~~~~~~~~~~~~~~~^^^^^^^^^^^^^^^
  File "/home/luke/Plocha/Serverpanel/Libraries/lib/python3.14/site-packages/jinja2/environment.py", line 975, in _load_template
    template = self.loader.load(self, name, self.make_globals(globals))
  File "/home/luke/Plocha/Serverpanel/Libraries/lib/python3.14/site-packages/jinja2/loaders.py", line 138, in load
    code = environment.compile(source, name, filename)
  File "/home/luke/Plocha/Serverpanel/Libraries/lib/python3.14/site-packages/jinja2/environment.py", line 771, in compile
    self.handle_exception(source=source_hint)
    ~~~~~~~~~~~~~~~~~~~~~^^^^^^^^^^^^^^^^^^^^
  File "/home/luke/Plocha/Serverpanel/Libraries/lib/python3.14/site-packages/jinja2/environment.py", line 942, in handle_exception
    raise rewrite_traceback_stack(source=source)
  File "/home/luke/Plocha/Serverpanel/Pages/login.html", line 221, in template
    {{% if error %}}
    ^^^^^
jinja2.exceptions.TemplateSyntaxError: unexpected '%'
ERROR:app:Exception on / [GET]
Traceback (most recent call last):
  File "/home/luke/Plocha/Serverpanel/Libraries/lib/python3.14/site-packages/flask/app.py", line 1511, in wsgi_app
    response = self.full_dispatch_request()
  File "/home/luke/Plocha/Serverpanel/Libraries/lib/python3.14/site-packages/flask/app.py", line 919, in full_dispatch_request
    rv = self.handle_user_exception(e)
  File "/home/luke/Plocha/Serverpanel/Libraries/lib/python3.14/site-packages/flask/app.py", line 917, in full_dispatch_request
    rv = self.dispatch_request()
  File "/home/luke/Plocha/Serverpanel/Libraries/lib/python3.14/site-packages/flask/app.py", line 902, in dispatch_request
    return self.ensure_sync(self.view_functions[rule.endpoint])(**view_args)  # type: ignore[no-any-return]
           ~~~~~~~~~~~~~~~~~~~~~~~~~~~~~~~~~~~~~~~~~~~~~~~~~~~~^^^^^^^^^^^^^
  File "/home/luke/Plocha/Serverpanel/app.py", line 47, in index
    return render_template(
        "login.html",
    ...<4 lines>...
            "hostname": socket.gethostname()
        })
  File "/home/luke/Plocha/Serverpanel/Libraries/lib/python3.14/site-packages/flask/templating.py", line 150, in render_template
    template = app.jinja_env.get_or_select_template(template_name_or_list)
  File "/home/luke/Plocha/Serverpanel/Libraries/lib/python3.14/site-packages/jinja2/environment.py", line 1087, in get_or_select_template
    return self.get_template(template_name_or_list, parent, globals)
           ~~~~~~~~~~~~~~~~~^^^^^^^^^^^^^^^^^^^^^^^^^^^^^^^^^^^^^^^^
  File "/home/luke/Plocha/Serverpanel/Libraries/lib/python3.14/site-packages/jinja2/environment.py", line 1016, in get_template
    return self._load_template(name, globals)
           ~~~~~~~~~~~~~~~~~~~^^^^^^^^^^^^^^^
  File "/home/luke/Plocha/Serverpanel/Libraries/lib/python3.14/site-packages/jinja2/environment.py", line 975, in _load_template
    template = self.loader.load(self, name, self.make_globals(globals))
  File "/home/luke/Plocha/Serverpanel/Libraries/lib/python3.14/site-packages/jinja2/loaders.py", line 138, in load
    code = environment.compile(source, name, filename)
  File "/home/luke/Plocha/Serverpanel/Libraries/lib/python3.14/site-packages/jinja2/environment.py", line 771, in compile
    self.handle_exception(source=source_hint)
    ~~~~~~~~~~~~~~~~~~~~~^^^^^^^^^^^^^^^^^^^^
  File "/home/luke/Plocha/Serverpanel/Libraries/lib/python3.14/site-packages/jinja2/environment.py", line 942, in handle_exception
    raise rewrite_traceback_stack(source=source)
  File "/home/luke/Plocha/Serverpanel/Pages/login.html", line 221, in template
    {{% if error %}}
    ^^^^^
jinja2.exceptions.TemplateSyntaxError: unexpected '%'
ERROR:app:Exception on / [GET]
Traceback (most recent call last):
  File "/home/luke/Plocha/Serverpanel/Libraries/lib/python3.14/site-packages/flask/app.py", line 1511, in wsgi_app
    response = self.full_dispatch_request()
  File "/home/luke/Plocha/Serverpanel/Libraries/lib/python3.14/site-packages/flask/app.py", line 919, in full_dispatch_request
    rv = self.handle_user_exception(e)
  File "/home/luke/Plocha/Serverpanel/Libraries/lib/python3.14/site-packages/flask/app.py", line 917, in full_dispatch_request
    rv = self.dispatch_request()
  File "/home/luke/Plocha/Serverpanel/Libraries/lib/python3.14/site-packages/flask/app.py", line 902, in dispatch_request
    return self.ensure_sync(self.view_functions[rule.endpoint])(**view_args)  # type: ignore[no-any-return]
           ~~~~~~~~~~~~~~~~~~~~~~~~~~~~~~~~~~~~~~~~~~~~~~~~~~~~^^^^^^^^^^^^^
  File "/home/luke/Plocha/Serverpanel/app.py", line 48, in index
    return render_template(
        "login.html",
    ...<4 lines>...
            "hostname": socket.gethostname()
        })
  File "/home/luke/Plocha/Serverpanel/Libraries/lib/python3.14/site-packages/flask/templating.py", line 150, in render_template
    template = app.jinja_env.get_or_select_template(template_name_or_list)
  File "/home/luke/Plocha/Serverpanel/Libraries/lib/python3.14/site-packages/jinja2/environment.py", line 1087, in get_or_select_template
    return self.get_template(template_name_or_list, parent, globals)
           ~~~~~~~~~~~~~~~~~^^^^^^^^^^^^^^^^^^^^^^^^^^^^^^^^^^^^^^^^
  File "/home/luke/Plocha/Serverpanel/Libraries/lib/python3.14/site-packages/jinja2/environment.py", line 1016, in get_template
    return self._load_template(name, globals)
           ~~~~~~~~~~~~~~~~~~~^^^^^^^^^^^^^^^
  File "/home/luke/Plocha/Serverpanel/Libraries/lib/python3.14/site-packages/jinja2/environment.py", line 975, in _load_template
    template = self.loader.load(self, name, self.make_globals(globals))
  File "/home/luke/Plocha/Serverpanel/Libraries/lib/python3.14/site-packages/jinja2/loaders.py", line 138, in load
    code = environment.compile(source, name, filename)
  File "/home/luke/Plocha/Serverpanel/Libraries/lib/python3.14/site-packages/jinja2/environment.py", line 771, in compile
    self.handle_exception(source=source_hint)
    ~~~~~~~~~~~~~~~~~~~~~^^^^^^^^^^^^^^^^^^^^
  File "/home/luke/Plocha/Serverpanel/Libraries/lib/python3.14/site-packages/jinja2/environment.py", line 942, in handle_exception
    raise rewrite_traceback_stack(source=source)
  File "/home/luke/Plocha/Serverpanel/Pages/login.html", line 221, in template
    {{% if error %}}
    ^^^^^
jinja2.exceptions.TemplateSyntaxError: unexpected '%'
ERROR:app:Exception on / [GET]
Traceback (most recent call last):
  File "/home/luke/Plocha/Serverpanel/Libraries/lib/python3.14/site-packages/flask/app.py", line 1511, in wsgi_app
    response = self.full_dispatch_request()
  File "/home/luke/Plocha/Serverpanel/Libraries/lib/python3.14/site-packages/flask/app.py", line 919, in full_dispatch_request
    rv = self.handle_user_exception(e)
  File "/home/luke/Plocha/Serverpanel/Libraries/lib/python3.14/site-packages/flask/app.py", line 917, in full_dispatch_request
    rv = self.dispatch_request()
  File "/home/luke/Plocha/Serverpanel/Libraries/lib/python3.14/site-packages/flask/app.py", line 902, in dispatch_request
    return self.ensure_sync(self.view_functions[rule.endpoint])(**view_args)  # type: ignore[no-any-return]
           ~~~~~~~~~~~~~~~~~~~~~~~~~~~~~~~~~~~~~~~~~~~~~~~~~~~~^^^^^^^^^^^^^
  File "/home/luke/Plocha/Serverpanel/app.py", line 48, in index
    return render_template(
        "login.html",
    ...<4 lines>...
            "hostname": socket.gethostname()
        })
  File "/home/luke/Plocha/Serverpanel/Libraries/lib/python3.14/site-packages/flask/templating.py", line 150, in render_template
    template = app.jinja_env.get_or_select_template(template_name_or_list)
  File "/home/luke/Plocha/Serverpanel/Libraries/lib/python3.14/site-packages/jinja2/environment.py", line 1087, in get_or_select_template
    return self.get_template(template_name_or_list, parent, globals)
           ~~~~~~~~~~~~~~~~~^^^^^^^^^^^^^^^^^^^^^^^^^^^^^^^^^^^^^^^^
  File "/home/luke/Plocha/Serverpanel/Libraries/lib/python3.14/site-packages/jinja2/environment.py", line 1016, in get_template
    return self._load_template(name, globals)
           ~~~~~~~~~~~~~~~~~~~^^^^^^^^^^^^^^^
  File "/home/luke/Plocha/Serverpanel/Libraries/lib/python3.14/site-packages/jinja2/environment.py", line 975, in _load_template
    template = self.loader.load(self, name, self.make_globals(globals))
  File "/home/luke/Plocha/Serverpanel/Libraries/lib/python3.14/site-packages/jinja2/loaders.py", line 138, in load
    code = environment.compile(source, name, filename)
  File "/home/luke/Plocha/Serverpanel/Libraries/lib/python3.14/site-packages/jinja2/environment.py", line 771, in compile
    self.handle_exception(source=source_hint)
    ~~~~~~~~~~~~~~~~~~~~~^^^^^^^^^^^^^^^^^^^^
  File "/home/luke/Plocha/Serverpanel/Libraries/lib/python3.14/site-packages/jinja2/environment.py", line 942, in handle_exception
    raise rewrite_traceback_stack(source=source)
  File "/home/luke/Plocha/Serverpanel/Pages/login.html", line 221, in template
    {{% if error %}}
    ^^^^^
jinja2.exceptions.TemplateSyntaxError: unexpected '%'
ERROR:app:Exception on / [GET]
Traceback (most recent call last):
  File "/home/luke/Plocha/Serverpanel/Libraries/lib/python3.14/site-packages/flask/app.py", line 1511, in wsgi_app
    response = self.full_dispatch_request()
  File "/home/luke/Plocha/Serverpanel/Libraries/lib/python3.14/site-packages/flask/app.py", line 919, in full_dispatch_request
    rv = self.handle_user_exception(e)
  File "/home/luke/Plocha/Serverpanel/Libraries/lib/python3.14/site-packages/flask/app.py", line 917, in full_dispatch_request
    rv = self.dispatch_request()
  File "/home/luke/Plocha/Serverpanel/Libraries/lib/python3.14/site-packages/flask/app.py", line 902, in dispatch_request
    return self.ensure_sync(self.view_functions[rule.endpoint])(**view_args)  # type: ignore[no-any-return]
           ~~~~~~~~~~~~~~~~~~~~~~~~~~~~~~~~~~~~~~~~~~~~~~~~~~~~^^^^^^^^^^^^^
  File "/home/luke/Plocha/Serverpanel/app.py", line 48, in index
    return render_template(
        "login.html",
    ...<4 lines>...
            "hostname": socket.gethostname()
        })
  File "/home/luke/Plocha/Serverpanel/Libraries/lib/python3.14/site-packages/flask/templating.py", line 150, in render_template
    template = app.jinja_env.get_or_select_template(template_name_or_list)
  File "/home/luke/Plocha/Serverpanel/Libraries/lib/python3.14/site-packages/jinja2/environment.py", line 1087, in get_or_select_template
    return self.get_template(template_name_or_list, parent, globals)
           ~~~~~~~~~~~~~~~~~^^^^^^^^^^^^^^^^^^^^^^^^^^^^^^^^^^^^^^^^
  File "/home/luke/Plocha/Serverpanel/Libraries/lib/python3.14/site-packages/jinja2/environment.py", line 1016, in get_template
    return self._load_template(name, globals)
           ~~~~~~~~~~~~~~~~~~~^^^^^^^^^^^^^^^
  File "/home/luke/Plocha/Serverpanel/Libraries/lib/python3.14/site-packages/jinja2/environment.py", line 975, in _load_template
    template = self.loader.load(self, name, self.make_globals(globals))
  File "/home/luke/Plocha/Serverpanel/Libraries/lib/python3.14/site-packages/jinja2/loaders.py", line 138, in load
    code = environment.compile(source, name, filename)
  File "/home/luke/Plocha/Serverpanel/Libraries/lib/python3.14/site-packages/jinja2/environment.py", line 771, in compile
    self.handle_exception(source=source_hint)
    ~~~~~~~~~~~~~~~~~~~~~^^^^^^^^^^^^^^^^^^^^
  File "/home/luke/Plocha/Serverpanel/Libraries/lib/python3.14/site-packages/jinja2/environment.py", line 942, in handle_exception
    raise rewrite_traceback_stack(source=source)
  File "/home/luke/Plocha/Serverpanel/Pages/login.html", line 221, in template
    {{% if error %}}
    ^^^^^
jinja2.exceptions.TemplateSyntaxError: unexpected '%'
ERROR:app:Exception on / [GET]
Traceback (most recent call last):
  File "/home/luke/Plocha/Serverpanel/Libraries/lib/python3.14/site-packages/flask/app.py", line 1511, in wsgi_app
    response = self.full_dispatch_request()
  File "/home/luke/Plocha/Serverpanel/Libraries/lib/python3.14/site-packages/flask/app.py", line 919, in full_dispatch_request
    rv = self.handle_user_exception(e)
  File "/home/luke/Plocha/Serverpanel/Libraries/lib/python3.14/site-packages/flask/app.py", line 917, in full_dispatch_request
    rv = self.dispatch_request()
  File "/home/luke/Plocha/Serverpanel/Libraries/lib/python3.14/site-packages/flask/app.py", line 902, in dispatch_request
    return self.ensure_sync(self.view_functions[rule.endpoint])(**view_args)  # type: ignore[no-any-return]
           ~~~~~~~~~~~~~~~~~~~~~~~~~~~~~~~~~~~~~~~~~~~~~~~~~~~~^^^^^^^^^^^^^
  File "/home/luke/Plocha/Serverpanel/app.py", line 48, in index
    return render_template(
        "login.html",
    ...<4 lines>...
            "hostname": socket.gethostname()
        })
  File "/home/luke/Plocha/Serverpanel/Libraries/lib/python3.14/site-packages/flask/templating.py", line 150, in render_template
    template = app.jinja_env.get_or_select_template(template_name_or_list)
  File "/home/luke/Plocha/Serverpanel/Libraries/lib/python3.14/site-packages/jinja2/environment.py", line 1087, in get_or_select_template
    return self.get_template(template_name_or_list, parent, globals)
           ~~~~~~~~~~~~~~~~~^^^^^^^^^^^^^^^^^^^^^^^^^^^^^^^^^^^^^^^^
  File "/home/luke/Plocha/Serverpanel/Libraries/lib/python3.14/site-packages/jinja2/environment.py", line 1016, in get_template
    return self._load_template(name, globals)
           ~~~~~~~~~~~~~~~~~~~^^^^^^^^^^^^^^^
  File "/home/luke/Plocha/Serverpanel/Libraries/lib/python3.14/site-packages/jinja2/environment.py", line 975, in _load_template
    template = self.loader.load(self, name, self.make_globals(globals))
  File "/home/luke/Plocha/Serverpanel/Libraries/lib/python3.14/site-packages/jinja2/loaders.py", line 138, in load
    code = environment.compile(source, name, filename)
  File "/home/luke/Plocha/Serverpanel/Libraries/lib/python3.14/site-packages/jinja2/environment.py", line 771, in compile
    self.handle_exception(source=source_hint)
    ~~~~~~~~~~~~~~~~~~~~~^^^^^^^^^^^^^^^^^^^^
  File "/home/luke/Plocha/Serverpanel/Libraries/lib/python3.14/site-packages/jinja2/environment.py", line 942, in handle_exception
    raise rewrite_traceback_stack(source=source)
  File "/home/luke/Plocha/Serverpanel/Pages/login.html", line 221, in template
    {{% if error %}}
    ^^^^^
jinja2.exceptions.TemplateSyntaxError: unexpected '%'
ERROR:app:Exception on / [GET]
Traceback (most recent call last):
  File "/home/luke/Plocha/Serverpanel/Libraries/lib/python3.14/site-packages/flask/app.py", line 1511, in wsgi_app
    response = self.full_dispatch_request()
  File "/home/luke/Plocha/Serverpanel/Libraries/lib/python3.14/site-packages/flask/app.py", line 919, in full_dispatch_request
    rv = self.handle_user_exception(e)
  File "/home/luke/Plocha/Serverpanel/Libraries/lib/python3.14/site-packages/flask/app.py", line 917, in full_dispatch_request
    rv = self.dispatch_request()
  File "/home/luke/Plocha/Serverpanel/Libraries/lib/python3.14/site-packages/flask/app.py", line 902, in dispatch_request
    return self.ensure_sync(self.view_functions[rule.endpoint])(**view_args)  # type: ignore[no-any-return]
           ~~~~~~~~~~~~~~~~~~~~~~~~~~~~~~~~~~~~~~~~~~~~~~~~~~~~^^^^^^^^^^^^^
  File "/home/luke/Plocha/Serverpanel/app.py", line 49, in index
    return render_template(
        "login.html",
    ...<4 lines>...
            "hostname": socket.gethostname()
        })
  File "/home/luke/Plocha/Serverpanel/Libraries/lib/python3.14/site-packages/flask/templating.py", line 150, in render_template
    template = app.jinja_env.get_or_select_template(template_name_or_list)
  File "/home/luke/Plocha/Serverpanel/Libraries/lib/python3.14/site-packages/jinja2/environment.py", line 1087, in get_or_select_template
    return self.get_template(template_name_or_list, parent, globals)
           ~~~~~~~~~~~~~~~~~^^^^^^^^^^^^^^^^^^^^^^^^^^^^^^^^^^^^^^^^
  File "/home/luke/Plocha/Serverpanel/Libraries/lib/python3.14/site-packages/jinja2/environment.py", line 1016, in get_template
    return self._load_template(name, globals)
           ~~~~~~~~~~~~~~~~~~~^^^^^^^^^^^^^^^
  File "/home/luke/Plocha/Serverpanel/Libraries/lib/python3.14/site-packages/jinja2/environment.py", line 975, in _load_template
    template = self.loader.load(self, name, self.make_globals(globals))
  File "/home/luke/Plocha/Serverpanel/Libraries/lib/python3.14/site-packages/jinja2/loaders.py", line 138, in load
    code = environment.compile(source, name, filename)
  File "/home/luke/Plocha/Serverpanel/Libraries/lib/python3.14/site-packages/jinja2/environment.py", line 771, in compile
    self.handle_exception(source=source_hint)
    ~~~~~~~~~~~~~~~~~~~~~^^^^^^^^^^^^^^^^^^^^
  File "/home/luke/Plocha/Serverpanel/Libraries/lib/python3.14/site-packages/jinja2/environment.py", line 942, in handle_exception
    raise rewrite_traceback_stack(source=source)
  File "/home/luke/Plocha/Serverpanel/Pages/login.html", line 221, in template
    {{% if error %}}
    ^^^^^
jinja2.exceptions.TemplateSyntaxError: unexpected '%'
ERROR:app:Exception on / [GET]
Traceback (most recent call last):
  File "/home/luke/Plocha/Serverpanel/Libraries/lib/python3.14/site-packages/flask/app.py", line 1511, in wsgi_app
    response = self.full_dispatch_request()
  File "/home/luke/Plocha/Serverpanel/Libraries/lib/python3.14/site-packages/flask/app.py", line 919, in full_dispatch_request
    rv = self.handle_user_exception(e)
  File "/home/luke/Plocha/Serverpanel/Libraries/lib/python3.14/site-packages/flask/app.py", line 917, in full_dispatch_request
    rv = self.dispatch_request()
  File "/home/luke/Plocha/Serverpanel/Libraries/lib/python3.14/site-packages/flask/app.py", line 902, in dispatch_request
    return self.ensure_sync(self.view_functions[rule.endpoint])(**view_args)  # type: ignore[no-any-return]
           ~~~~~~~~~~~~~~~~~~~~~~~~~~~~~~~~~~~~~~~~~~~~~~~~~~~~^^^^^^^^^^^^^
  File "/home/luke/Plocha/Serverpanel/app.py", line 50, in index
    return render_template(
        "login.html",
    ...<4 lines>...
            "hostname": socket.gethostname()
        })
  File "/home/luke/Plocha/Serverpanel/Libraries/lib/python3.14/site-packages/flask/templating.py", line 150, in render_template
    template = app.jinja_env.get_or_select_template(template_name_or_list)
  File "/home/luke/Plocha/Serverpanel/Libraries/lib/python3.14/site-packages/jinja2/environment.py", line 1087, in get_or_select_template
    return self.get_template(template_name_or_list, parent, globals)
           ~~~~~~~~~~~~~~~~~^^^^^^^^^^^^^^^^^^^^^^^^^^^^^^^^^^^^^^^^
  File "/home/luke/Plocha/Serverpanel/Libraries/lib/python3.14/site-packages/jinja2/environment.py", line 1016, in get_template
    return self._load_template(name, globals)
           ~~~~~~~~~~~~~~~~~~~^^^^^^^^^^^^^^^
  File "/home/luke/Plocha/Serverpanel/Libraries/lib/python3.14/site-packages/jinja2/environment.py", line 975, in _load_template
    template = self.loader.load(self, name, self.make_globals(globals))
  File "/home/luke/Plocha/Serverpanel/Libraries/lib/python3.14/site-packages/jinja2/loaders.py", line 138, in load
    code = environment.compile(source, name, filename)
  File "/home/luke/Plocha/Serverpanel/Libraries/lib/python3.14/site-packages/jinja2/environment.py", line 771, in compile
    self.handle_exception(source=source_hint)
    ~~~~~~~~~~~~~~~~~~~~~^^^^^^^^^^^^^^^^^^^^
  File "/home/luke/Plocha/Serverpanel/Libraries/lib/python3.14/site-packages/jinja2/environment.py", line 942, in handle_exception
    raise rewrite_traceback_stack(source=source)
  File "/home/luke/Plocha/Serverpanel/Pages/login.html", line 221, in template
    {{% if error %}}
    ^^^^^
jinja2.exceptions.TemplateSyntaxError: unexpected '%'
ERROR:app:Exception on / [GET]
Traceback (most recent call last):
  File "/home/luke/Plocha/Serverpanel/Libraries/lib/python3.14/site-packages/flask/app.py", line 1511, in wsgi_app
    response = self.full_dispatch_request()
  File "/home/luke/Plocha/Serverpanel/Libraries/lib/python3.14/site-packages/flask/app.py", line 919, in full_dispatch_request
    rv = self.handle_user_exception(e)
  File "/home/luke/Plocha/Serverpanel/Libraries/lib/python3.14/site-packages/flask/app.py", line 917, in full_dispatch_request
    rv = self.dispatch_request()
  File "/home/luke/Plocha/Serverpanel/Libraries/lib/python3.14/site-packages/flask/app.py", line 902, in dispatch_request
    return self.ensure_sync(self.view_functions[rule.endpoint])(**view_args)  # type: ignore[no-any-return]
           ~~~~~~~~~~~~~~~~~~~~~~~~~~~~~~~~~~~~~~~~~~~~~~~~~~~~^^^^^^^^^^^^^
  File "/home/luke/Plocha/Serverpanel/app.py", line 50, in index
    return render_template(
        "login.html",
    ...<4 lines>...
            "hostname": socket.gethostname()
        })
  File "/home/luke/Plocha/Serverpanel/Libraries/lib/python3.14/site-packages/flask/templating.py", line 150, in render_template
    template = app.jinja_env.get_or_select_template(template_name_or_list)
  File "/home/luke/Plocha/Serverpanel/Libraries/lib/python3.14/site-packages/jinja2/environment.py", line 1087, in get_or_select_template
    return self.get_template(template_name_or_list, parent, globals)
           ~~~~~~~~~~~~~~~~~^^^^^^^^^^^^^^^^^^^^^^^^^^^^^^^^^^^^^^^^
  File "/home/luke/Plocha/Serverpanel/Libraries/lib/python3.14/site-packages/jinja2/environment.py", line 1016, in get_template
    return self._load_template(name, globals)
           ~~~~~~~~~~~~~~~~~~~^^^^^^^^^^^^^^^
  File "/home/luke/Plocha/Serverpanel/Libraries/lib/python3.14/site-packages/jinja2/environment.py", line 975, in _load_template
    template = self.loader.load(self, name, self.make_globals(globals))
  File "/home/luke/Plocha/Serverpanel/Libraries/lib/python3.14/site-packages/jinja2/loaders.py", line 138, in load
    code = environment.compile(source, name, filename)
  File "/home/luke/Plocha/Serverpanel/Libraries/lib/python3.14/site-packages/jinja2/environment.py", line 771, in compile
    self.handle_exception(source=source_hint)
    ~~~~~~~~~~~~~~~~~~~~~^^^^^^^^^^^^^^^^^^^^
  File "/home/luke/Plocha/Serverpanel/Libraries/lib/python3.14/site-packages/jinja2/environment.py", line 942, in handle_exception
    raise rewrite_traceback_stack(source=source)
  File "/home/luke/Plocha/Serverpanel/Pages/login.html", line 221, in template
    {{% if error %}}
    ^^^^^
jinja2.exceptions.TemplateSyntaxError: unexpected '%'
ERROR:app:Exception on / [GET]
Traceback (most recent call last):
  File "/home/luke/Plocha/Serverpanel/Libraries/lib/python3.14/site-packages/flask/app.py", line 1511, in wsgi_app
    response = self.full_dispatch_request()
  File "/home/luke/Plocha/Serverpanel/Libraries/lib/python3.14/site-packages/flask/app.py", line 919, in full_dispatch_request
    rv = self.handle_user_exception(e)
  File "/home/luke/Plocha/Serverpanel/Libraries/lib/python3.14/site-packages/flask/app.py", line 917, in full_dispatch_request
    rv = self.dispatch_request()
  File "/home/luke/Plocha/Serverpanel/Libraries/lib/python3.14/site-packages/flask/app.py", line 902, in dispatch_request
    return self.ensure_sync(self.view_functions[rule.endpoint])(**view_args)  # type: ignore[no-any-return]
           ~~~~~~~~~~~~~~~~~~~~~~~~~~~~~~~~~~~~~~~~~~~~~~~~~~~~^^^^^^^^^^^^^
  File "/home/luke/Plocha/Serverpanel/app.py", line 50, in index
    return render_template(
        "login.html",
    ...<4 lines>...
            "hostname": socket.gethostname()
        })
  File "/home/luke/Plocha/Serverpanel/Libraries/lib/python3.14/site-packages/flask/templating.py", line 150, in render_template
    template = app.jinja_env.get_or_select_template(template_name_or_list)
  File "/home/luke/Plocha/Serverpanel/Libraries/lib/python3.14/site-packages/jinja2/environment.py", line 1087, in get_or_select_template
    return self.get_template(template_name_or_list, parent, globals)
           ~~~~~~~~~~~~~~~~~^^^^^^^^^^^^^^^^^^^^^^^^^^^^^^^^^^^^^^^^
  File "/home/luke/Plocha/Serverpanel/Libraries/lib/python3.14/site-packages/jinja2/environment.py", line 1016, in get_template
    return self._load_template(name, globals)
           ~~~~~~~~~~~~~~~~~~~^^^^^^^^^^^^^^^
  File "/home/luke/Plocha/Serverpanel/Libraries/lib/python3.14/site-packages/jinja2/environment.py", line 975, in _load_template
    template = self.loader.load(self, name, self.make_globals(globals))
  File "/home/luke/Plocha/Serverpanel/Libraries/lib/python3.14/site-packages/jinja2/loaders.py", line 138, in load
    code = environment.compile(source, name, filename)
  File "/home/luke/Plocha/Serverpanel/Libraries/lib/python3.14/site-packages/jinja2/environment.py", line 771, in compile
    self.handle_exception(source=source_hint)
    ~~~~~~~~~~~~~~~~~~~~~^^^^^^^^^^^^^^^^^^^^
  File "/home/luke/Plocha/Serverpanel/Libraries/lib/python3.14/site-packages/jinja2/environment.py", line 942, in handle_exception
    raise rewrite_traceback_stack(source=source)
  File "/home/luke/Plocha/Serverpanel/Pages/login.html", line 221, in template
    {{% if error %}}
    ^^^^^
jinja2.exceptions.TemplateSyntaxError: unexpected '%'
ERROR:app:Exception on / [GET]
Traceback (most recent call last):
  File "/home/luke/Plocha/Serverpanel/Libraries/lib/python3.14/site-packages/flask/app.py", line 1511, in wsgi_app
    response = self.full_dispatch_request()
  File "/home/luke/Plocha/Serverpanel/Libraries/lib/python3.14/site-packages/flask/app.py", line 919, in full_dispatch_request
    rv = self.handle_user_exception(e)
  File "/home/luke/Plocha/Serverpanel/Libraries/lib/python3.14/site-packages/flask/app.py", line 917, in full_dispatch_request
    rv = self.dispatch_request()
  File "/home/luke/Plocha/Serverpanel/Libraries/lib/python3.14/site-packages/flask/app.py", line 902, in dispatch_request
    return self.ensure_sync(self.view_functions[rule.endpoint])(**view_args)  # type: ignore[no-any-return]
           ~~~~~~~~~~~~~~~~~~~~~~~~~~~~~~~~~~~~~~~~~~~~~~~~~~~~^^^^^^^^^^^^^
  File "/home/luke/Plocha/Serverpanel/app.py", line 50, in index
    return render_template(
        "login.html",
    ...<4 lines>...
            "hostname": socket.gethostname()
        })
  File "/home/luke/Plocha/Serverpanel/Libraries/lib/python3.14/site-packages/flask/templating.py", line 150, in render_template
    template = app.jinja_env.get_or_select_template(template_name_or_list)
  File "/home/luke/Plocha/Serverpanel/Libraries/lib/python3.14/site-packages/jinja2/environment.py", line 1087, in get_or_select_template
    return self.get_template(template_name_or_list, parent, globals)
           ~~~~~~~~~~~~~~~~~^^^^^^^^^^^^^^^^^^^^^^^^^^^^^^^^^^^^^^^^
  File "/home/luke/Plocha/Serverpanel/Libraries/lib/python3.14/site-packages/jinja2/environment.py", line 1016, in get_template
    return self._load_template(name, globals)
           ~~~~~~~~~~~~~~~~~~~^^^^^^^^^^^^^^^
  File "/home/luke/Plocha/Serverpanel/Libraries/lib/python3.14/site-packages/jinja2/environment.py", line 975, in _load_template
    template = self.loader.load(self, name, self.make_globals(globals))
  File "/home/luke/Plocha/Serverpanel/Libraries/lib/python3.14/site-packages/jinja2/loaders.py", line 138, in load
    code = environment.compile(source, name, filename)
  File "/home/luke/Plocha/Serverpanel/Libraries/lib/python3.14/site-packages/jinja2/environment.py", line 771, in compile
    self.handle_exception(source=source_hint)
    ~~~~~~~~~~~~~~~~~~~~~^^^^^^^^^^^^^^^^^^^^
  File "/home/luke/Plocha/Serverpanel/Libraries/lib/python3.14/site-packages/jinja2/environment.py", line 942, in handle_exception
    raise rewrite_traceback_stack(source=source)
  File "/home/luke/Plocha/Serverpanel/Pages/login.html", line 221, in template
    {{% if error %}}
    ^^^^^
jinja2.exceptions.TemplateSyntaxError: unexpected '%'
ERROR:app:Exception on / [GET]
Traceback (most recent call last):
  File "/home/luke/Plocha/Serverpanel/Libraries/lib/python3.14/site-packages/flask/app.py", line 1511, in wsgi_app
    response = self.full_dispatch_request()
  File "/home/luke/Plocha/Serverpanel/Libraries/lib/python3.14/site-packages/flask/app.py", line 919, in full_dispatch_request
    rv = self.handle_user_exception(e)
  File "/home/luke/Plocha/Serverpanel/Libraries/lib/python3.14/site-packages/flask/app.py", line 917, in full_dispatch_request
    rv = self.dispatch_request()
  File "/home/luke/Plocha/Serverpanel/Libraries/lib/python3.14/site-packages/flask/app.py", line 902, in dispatch_request
    return self.ensure_sync(self.view_functions[rule.endpoint])(**view_args)  # type: ignore[no-any-return]
           ~~~~~~~~~~~~~~~~~~~~~~~~~~~~~~~~~~~~~~~~~~~~~~~~~~~~^^^^^^^^^^^^^
  File "/home/luke/Plocha/Serverpanel/app.py", line 50, in index
    return render_template(
        "login.html",
    ...<4 lines>...
            "hostname": socket.gethostname()
        })
  File "/home/luke/Plocha/Serverpanel/Libraries/lib/python3.14/site-packages/flask/templating.py", line 150, in render_template
    template = app.jinja_env.get_or_select_template(template_name_or_list)
  File "/home/luke/Plocha/Serverpanel/Libraries/lib/python3.14/site-packages/jinja2/environment.py", line 1087, in get_or_select_template
    return self.get_template(template_name_or_list, parent, globals)
           ~~~~~~~~~~~~~~~~~^^^^^^^^^^^^^^^^^^^^^^^^^^^^^^^^^^^^^^^^
  File "/home/luke/Plocha/Serverpanel/Libraries/lib/python3.14/site-packages/jinja2/environment.py", line 1016, in get_template
    return self._load_template(name, globals)
           ~~~~~~~~~~~~~~~~~~~^^^^^^^^^^^^^^^
  File "/home/luke/Plocha/Serverpanel/Libraries/lib/python3.14/site-packages/jinja2/environment.py", line 975, in _load_template
    template = self.loader.load(self, name, self.make_globals(globals))
  File "/home/luke/Plocha/Serverpanel/Libraries/lib/python3.14/site-packages/jinja2/loaders.py", line 138, in load
    code = environment.compile(source, name, filename)
  File "/home/luke/Plocha/Serverpanel/Libraries/lib/python3.14/site-packages/jinja2/environment.py", line 771, in compile
    self.handle_exception(source=source_hint)
    ~~~~~~~~~~~~~~~~~~~~~^^^^^^^^^^^^^^^^^^^^
  File "/home/luke/Plocha/Serverpanel/Libraries/lib/python3.14/site-packages/jinja2/environment.py", line 942, in handle_exception
    raise rewrite_traceback_stack(source=source)
  File "/home/luke/Plocha/Serverpanel/Pages/login.html", line 221, in template
    {{% if error %}}
    ^^^^^
jinja2.exceptions.TemplateSyntaxError: unexpected '%'
ERROR:app:Exception on / [GET]
Traceback (most recent call last):
  File "/home/luke/Plocha/Serverpanel/Libraries/lib/python3.14/site-packages/flask/app.py", line 1511, in wsgi_app
    response = self.full_dispatch_request()
  File "/home/luke/Plocha/Serverpanel/Libraries/lib/python3.14/site-packages/flask/app.py", line 919, in full_dispatch_request
    rv = self.handle_user_exception(e)
  File "/home/luke/Plocha/Serverpanel/Libraries/lib/python3.14/site-packages/flask/app.py", line 917, in full_dispatch_request
    rv = self.dispatch_request()
  File "/home/luke/Plocha/Serverpanel/Libraries/lib/python3.14/site-packages/flask/app.py", line 902, in dispatch_request
    return self.ensure_sync(self.view_functions[rule.endpoint])(**view_args)  # type: ignore[no-any-return]
           ~~~~~~~~~~~~~~~~~~~~~~~~~~~~~~~~~~~~~~~~~~~~~~~~~~~~^^^^^^^^^^^^^
  File "/home/luke/Plocha/Serverpanel/app.py", line 50, in index
    return render_template(
        "login.html",
    ...<4 lines>...
            "hostname": socket.gethostname()
        })
  File "/home/luke/Plocha/Serverpanel/Libraries/lib/python3.14/site-packages/flask/templating.py", line 150, in render_template
    template = app.jinja_env.get_or_select_template(template_name_or_list)
  File "/home/luke/Plocha/Serverpanel/Libraries/lib/python3.14/site-packages/jinja2/environment.py", line 1087, in get_or_select_template
    return self.get_template(template_name_or_list, parent, globals)
           ~~~~~~~~~~~~~~~~~^^^^^^^^^^^^^^^^^^^^^^^^^^^^^^^^^^^^^^^^
  File "/home/luke/Plocha/Serverpanel/Libraries/lib/python3.14/site-packages/jinja2/environment.py", line 1016, in get_template
    return self._load_template(name, globals)
           ~~~~~~~~~~~~~~~~~~~^^^^^^^^^^^^^^^
  File "/home/luke/Plocha/Serverpanel/Libraries/lib/python3.14/site-packages/jinja2/environment.py", line 975, in _load_template
    template = self.loader.load(self, name, self.make_globals(globals))
  File "/home/luke/Plocha/Serverpanel/Libraries/lib/python3.14/site-packages/jinja2/loaders.py", line 138, in load
    code = environment.compile(source, name, filename)
  File "/home/luke/Plocha/Serverpanel/Libraries/lib/python3.14/site-packages/jinja2/environment.py", line 771, in compile
    self.handle_exception(source=source_hint)
    ~~~~~~~~~~~~~~~~~~~~~^^^^^^^^^^^^^^^^^^^^
  File "/home/luke/Plocha/Serverpanel/Libraries/lib/python3.14/site-packages/jinja2/environment.py", line 942, in handle_exception
    raise rewrite_traceback_stack(source=source)
  File "/home/luke/Plocha/Serverpanel/Pages/login.html", line 221, in template
    {{% if error %}}
    ^^^^^
jinja2.exceptions.TemplateSyntaxError: unexpected '%'
ERROR:app:Exception on / [GET]
Traceback (most recent call last):
  File "/home/luke/Plocha/Serverpanel/Libraries/lib/python3.14/site-packages/flask/app.py", line 1511, in wsgi_app
    response = self.full_dispatch_request()
  File "/home/luke/Plocha/Serverpanel/Libraries/lib/python3.14/site-packages/flask/app.py", line 919, in full_dispatch_request
    rv = self.handle_user_exception(e)
  File "/home/luke/Plocha/Serverpanel/Libraries/lib/python3.14/site-packages/flask/app.py", line 917, in full_dispatch_request
    rv = self.dispatch_request()
  File "/home/luke/Plocha/Serverpanel/Libraries/lib/python3.14/site-packages/flask/app.py", line 902, in dispatch_request
    return self.ensure_sync(self.view_functions[rule.endpoint])(**view_args)  # type: ignore[no-any-return]
           ~~~~~~~~~~~~~~~~~~~~~~~~~~~~~~~~~~~~~~~~~~~~~~~~~~~~^^^^^^^^^^^^^
  File "/home/luke/Plocha/Serverpanel/app.py", line 50, in index
    return render_template(
        "login.html",
    ...<4 lines>...
            "hostname": socket.gethostname()
        })
  File "/home/luke/Plocha/Serverpanel/Libraries/lib/python3.14/site-packages/flask/templating.py", line 150, in render_template
    template = app.jinja_env.get_or_select_template(template_name_or_list)
  File "/home/luke/Plocha/Serverpanel/Libraries/lib/python3.14/site-packages/jinja2/environment.py", line 1087, in get_or_select_template
    return self.get_template(template_name_or_list, parent, globals)
           ~~~~~~~~~~~~~~~~~^^^^^^^^^^^^^^^^^^^^^^^^^^^^^^^^^^^^^^^^
  File "/home/luke/Plocha/Serverpanel/Libraries/lib/python3.14/site-packages/jinja2/environment.py", line 1016, in get_template
    return self._load_template(name, globals)
           ~~~~~~~~~~~~~~~~~~~^^^^^^^^^^^^^^^
  File "/home/luke/Plocha/Serverpanel/Libraries/lib/python3.14/site-packages/jinja2/environment.py", line 975, in _load_template
    template = self.loader.load(self, name, self.make_globals(globals))
  File "/home/luke/Plocha/Serverpanel/Libraries/lib/python3.14/site-packages/jinja2/loaders.py", line 138, in load
    code = environment.compile(source, name, filename)
  File "/home/luke/Plocha/Serverpanel/Libraries/lib/python3.14/site-packages/jinja2/environment.py", line 771, in compile
    self.handle_exception(source=source_hint)
    ~~~~~~~~~~~~~~~~~~~~~^^^^^^^^^^^^^^^^^^^^
  File "/home/luke/Plocha/Serverpanel/Libraries/lib/python3.14/site-packages/jinja2/environment.py", line 942, in handle_exception
    raise rewrite_traceback_stack(source=source)
  File "/home/luke/Plocha/Serverpanel/Pages/login.html", line 221, in template
    {{% if error %}}
    ^^^^^
jinja2.exceptions.TemplateSyntaxError: unexpected '%'
ERROR:app:Exception on / [GET]
Traceback (most recent call last):
  File "/home/luke/Plocha/Serverpanel/Libraries/lib/python3.14/site-packages/flask/app.py", line 1511, in wsgi_app
    response = self.full_dispatch_request()
  File "/home/luke/Plocha/Serverpanel/Libraries/lib/python3.14/site-packages/flask/app.py", line 919, in full_dispatch_request
    rv = self.handle_user_exception(e)
  File "/home/luke/Plocha/Serverpanel/Libraries/lib/python3.14/site-packages/flask/app.py", line 917, in full_dispatch_request
    rv = self.dispatch_request()
  File "/home/luke/Plocha/Serverpanel/Libraries/lib/python3.14/site-packages/flask/app.py", line 902, in dispatch_request
    return self.ensure_sync(self.view_functions[rule.endpoint])(**view_args)  # type: ignore[no-any-return]
           ~~~~~~~~~~~~~~~~~~~~~~~~~~~~~~~~~~~~~~~~~~~~~~~~~~~~^^^^^^^^^^^^^
  File "/home/luke/Plocha/Serverpanel/app.py", line 26, in index
    return render_template(
        "login.html",
    ...<4 lines>...
            "hostname": socket.gethostname()
        })
  File "/home/luke/Plocha/Serverpanel/Libraries/lib/python3.14/site-packages/flask/templating.py", line 150, in render_template
    template = app.jinja_env.get_or_select_template(template_name_or_list)
  File "/home/luke/Plocha/Serverpanel/Libraries/lib/python3.14/site-packages/jinja2/environment.py", line 1087, in get_or_select_template
    return self.get_template(template_name_or_list, parent, globals)
           ~~~~~~~~~~~~~~~~~^^^^^^^^^^^^^^^^^^^^^^^^^^^^^^^^^^^^^^^^
  File "/home/luke/Plocha/Serverpanel/Libraries/lib/python3.14/site-packages/jinja2/environment.py", line 1016, in get_template
    return self._load_template(name, globals)
           ~~~~~~~~~~~~~~~~~~~^^^^^^^^^^^^^^^
  File "/home/luke/Plocha/Serverpanel/Libraries/lib/python3.14/site-packages/jinja2/environment.py", line 975, in _load_template
    template = self.loader.load(self, name, self.make_globals(globals))
  File "/home/luke/Plocha/Serverpanel/Libraries/lib/python3.14/site-packages/jinja2/loaders.py", line 138, in load
    code = environment.compile(source, name, filename)
  File "/home/luke/Plocha/Serverpanel/Libraries/lib/python3.14/site-packages/jinja2/environment.py", line 771, in compile
    self.handle_exception(source=source_hint)
    ~~~~~~~~~~~~~~~~~~~~~^^^^^^^^^^^^^^^^^^^^
  File "/home/luke/Plocha/Serverpanel/Libraries/lib/python3.14/site-packages/jinja2/environment.py", line 942, in handle_exception
    raise rewrite_traceback_stack(source=source)
  File "/home/luke/Plocha/Serverpanel/Pages/login.html", line 221, in template
    {{% if error %}}
    ^^^^^
jinja2.exceptions.TemplateSyntaxError: unexpected '%'
ERROR:app:Exception on / [GET]
Traceback (most recent call last):
  File "/home/luke/Plocha/Serverpanel/Libraries/lib/python3.14/site-packages/flask/app.py", line 1511, in wsgi_app
    response = self.full_dispatch_request()
  File "/home/luke/Plocha/Serverpanel/Libraries/lib/python3.14/site-packages/flask/app.py", line 919, in full_dispatch_request
    rv = self.handle_user_exception(e)
  File "/home/luke/Plocha/Serverpanel/Libraries/lib/python3.14/site-packages/flask/app.py", line 917, in full_dispatch_request
    rv = self.dispatch_request()
  File "/home/luke/Plocha/Serverpanel/Libraries/lib/python3.14/site-packages/flask/app.py", line 902, in dispatch_request
    return self.ensure_sync(self.view_functions[rule.endpoint])(**view_args)  # type: ignore[no-any-return]
           ~~~~~~~~~~~~~~~~~~~~~~~~~~~~~~~~~~~~~~~~~~~~~~~~~~~~^^^^^^^^^^^^^
  File "/home/luke/Plocha/Serverpanel/app.py", line 26, in index
    return render_template(
        "login.html",
    ...<4 lines>...
            "hostname": socket.gethostname()
        })
  File "/home/luke/Plocha/Serverpanel/Libraries/lib/python3.14/site-packages/flask/templating.py", line 150, in render_template
    template = app.jinja_env.get_or_select_template(template_name_or_list)
  File "/home/luke/Plocha/Serverpanel/Libraries/lib/python3.14/site-packages/jinja2/environment.py", line 1087, in get_or_select_template
    return self.get_template(template_name_or_list, parent, globals)
           ~~~~~~~~~~~~~~~~~^^^^^^^^^^^^^^^^^^^^^^^^^^^^^^^^^^^^^^^^
  File "/home/luke/Plocha/Serverpanel/Libraries/lib/python3.14/site-packages/jinja2/environment.py", line 1016, in get_template
    return self._load_template(name, globals)
           ~~~~~~~~~~~~~~~~~~~^^^^^^^^^^^^^^^
  File "/home/luke/Plocha/Serverpanel/Libraries/lib/python3.14/site-packages/jinja2/environment.py", line 975, in _load_template
    template = self.loader.load(self, name, self.make_globals(globals))
  File "/home/luke/Plocha/Serverpanel/Libraries/lib/python3.14/site-packages/jinja2/loaders.py", line 138, in load
    code = environment.compile(source, name, filename)
  File "/home/luke/Plocha/Serverpanel/Libraries/lib/python3.14/site-packages/jinja2/environment.py", line 771, in compile
    self.handle_exception(source=source_hint)
    ~~~~~~~~~~~~~~~~~~~~~^^^^^^^^^^^^^^^^^^^^
  File "/home/luke/Plocha/Serverpanel/Libraries/lib/python3.14/site-packages/jinja2/environment.py", line 942, in handle_exception
    raise rewrite_traceback_stack(source=source)
  File "/home/luke/Plocha/Serverpanel/Pages/login.html", line 221, in template
    {{% if error %}}
    ^^^^^
jinja2.exceptions.TemplateSyntaxError: unexpected '%'
ERROR:app:Exception on / [GET]
Traceback (most recent call last):
  File "/home/luke/Plocha/Serverpanel/Libraries/lib/python3.14/site-packages/flask/app.py", line 1511, in wsgi_app
    response = self.full_dispatch_request()
  File "/home/luke/Plocha/Serverpanel/Libraries/lib/python3.14/site-packages/flask/app.py", line 919, in full_dispatch_request
    rv = self.handle_user_exception(e)
  File "/home/luke/Plocha/Serverpanel/Libraries/lib/python3.14/site-packages/flask/app.py", line 917, in full_dispatch_request
    rv = self.dispatch_request()
  File "/home/luke/Plocha/Serverpanel/Libraries/lib/python3.14/site-packages/flask/app.py", line 902, in dispatch_request
    return self.ensure_sync(self.view_functions[rule.endpoint])(**view_args)  # type: ignore[no-any-return]
           ~~~~~~~~~~~~~~~~~~~~~~~~~~~~~~~~~~~~~~~~~~~~~~~~~~~~^^^^^^^^^^^^^
  File "/home/luke/Plocha/Serverpanel/app.py", line 26, in index
    return render_template(
        "login.html",
    ...<4 lines>...
            "hostname": socket.gethostname()
        })
  File "/home/luke/Plocha/Serverpanel/Libraries/lib/python3.14/site-packages/flask/templating.py", line 150, in render_template
    template = app.jinja_env.get_or_select_template(template_name_or_list)
  File "/home/luke/Plocha/Serverpanel/Libraries/lib/python3.14/site-packages/jinja2/environment.py", line 1087, in get_or_select_template
    return self.get_template(template_name_or_list, parent, globals)
           ~~~~~~~~~~~~~~~~~^^^^^^^^^^^^^^^^^^^^^^^^^^^^^^^^^^^^^^^^
  File "/home/luke/Plocha/Serverpanel/Libraries/lib/python3.14/site-packages/jinja2/environment.py", line 1016, in get_template
    return self._load_template(name, globals)
           ~~~~~~~~~~~~~~~~~~~^^^^^^^^^^^^^^^
  File "/home/luke/Plocha/Serverpanel/Libraries/lib/python3.14/site-packages/jinja2/environment.py", line 975, in _load_template
    template = self.loader.load(self, name, self.make_globals(globals))
  File "/home/luke/Plocha/Serverpanel/Libraries/lib/python3.14/site-packages/jinja2/loaders.py", line 138, in load
    code = environment.compile(source, name, filename)
  File "/home/luke/Plocha/Serverpanel/Libraries/lib/python3.14/site-packages/jinja2/environment.py", line 771, in compile
    self.handle_exception(source=source_hint)
    ~~~~~~~~~~~~~~~~~~~~~^^^^^^^^^^^^^^^^^^^^
  File "/home/luke/Plocha/Serverpanel/Libraries/lib/python3.14/site-packages/jinja2/environment.py", line 942, in handle_exception
    raise rewrite_traceback_stack(source=source)
  File "/home/luke/Plocha/Serverpanel/Pages/login.html", line 221, in template
    {{% if error %}}
    ^^^^^
jinja2.exceptions.TemplateSyntaxError: unexpected '%'
ERROR:app:Exception on / [GET]
Traceback (most recent call last):
  File "/home/luke/Plocha/Serverpanel/Libraries/lib/python3.14/site-packages/flask/app.py", line 1511, in wsgi_app
    response = self.full_dispatch_request()
  File "/home/luke/Plocha/Serverpanel/Libraries/lib/python3.14/site-packages/flask/app.py", line 919, in full_dispatch_request
    rv = self.handle_user_exception(e)
  File "/home/luke/Plocha/Serverpanel/Libraries/lib/python3.14/site-packages/flask/app.py", line 917, in full_dispatch_request
    rv = self.dispatch_request()
  File "/home/luke/Plocha/Serverpanel/Libraries/lib/python3.14/site-packages/flask/app.py", line 902, in dispatch_request
    return self.ensure_sync(self.view_functions[rule.endpoint])(**view_args)  # type: ignore[no-any-return]
           ~~~~~~~~~~~~~~~~~~~~~~~~~~~~~~~~~~~~~~~~~~~~~~~~~~~~^^^^^^^^^^^^^
  File "/home/luke/Plocha/Serverpanel/app.py", line 26, in index
    return render_template(
        "login.html",
    ...<4 lines>...
            "hostname": socket.gethostname()
        })
  File "/home/luke/Plocha/Serverpanel/Libraries/lib/python3.14/site-packages/flask/templating.py", line 150, in render_template
    template = app.jinja_env.get_or_select_template(template_name_or_list)
  File "/home/luke/Plocha/Serverpanel/Libraries/lib/python3.14/site-packages/jinja2/environment.py", line 1087, in get_or_select_template
    return self.get_template(template_name_or_list, parent, globals)
           ~~~~~~~~~~~~~~~~~^^^^^^^^^^^^^^^^^^^^^^^^^^^^^^^^^^^^^^^^
  File "/home/luke/Plocha/Serverpanel/Libraries/lib/python3.14/site-packages/jinja2/environment.py", line 1016, in get_template
    return self._load_template(name, globals)
           ~~~~~~~~~~~~~~~~~~~^^^^^^^^^^^^^^^
  File "/home/luke/Plocha/Serverpanel/Libraries/lib/python3.14/site-packages/jinja2/environment.py", line 975, in _load_template
    template = self.loader.load(self, name, self.make_globals(globals))
  File "/home/luke/Plocha/Serverpanel/Libraries/lib/python3.14/site-packages/jinja2/loaders.py", line 138, in load
    code = environment.compile(source, name, filename)
  File "/home/luke/Plocha/Serverpanel/Libraries/lib/python3.14/site-packages/jinja2/environment.py", line 771, in compile
    self.handle_exception(source=source_hint)
    ~~~~~~~~~~~~~~~~~~~~~^^^^^^^^^^^^^^^^^^^^
  File "/home/luke/Plocha/Serverpanel/Libraries/lib/python3.14/site-packages/jinja2/environment.py", line 942, in handle_exception
    raise rewrite_traceback_stack(source=source)
  File "/home/luke/Plocha/Serverpanel/Pages/login.html", line 221, in template
    {{% if error %}}
    ^^^^^
jinja2.exceptions.TemplateSyntaxError: unexpected '%'
ERROR:app:Exception on / [GET]
Traceback (most recent call last):
  File "/home/luke/Plocha/Serverpanel/Libraries/lib/python3.14/site-packages/flask/app.py", line 1511, in wsgi_app
    response = self.full_dispatch_request()
  File "/home/luke/Plocha/Serverpanel/Libraries/lib/python3.14/site-packages/flask/app.py", line 919, in full_dispatch_request
    rv = self.handle_user_exception(e)
  File "/home/luke/Plocha/Serverpanel/Libraries/lib/python3.14/site-packages/flask/app.py", line 917, in full_dispatch_request
    rv = self.dispatch_request()
  File "/home/luke/Plocha/Serverpanel/Libraries/lib/python3.14/site-packages/flask/app.py", line 902, in dispatch_request
    return self.ensure_sync(self.view_functions[rule.endpoint])(**view_args)  # type: ignore[no-any-return]
           ~~~~~~~~~~~~~~~~~~~~~~~~~~~~~~~~~~~~~~~~~~~~~~~~~~~~^^^^^^^^^^^^^
  File "/home/luke/Plocha/Serverpanel/app.py", line 24, in index
    return render_template(
        "login.html",
    ...<4 lines>...
            "hostname": socket.gethostname()
        })
  File "/home/luke/Plocha/Serverpanel/Libraries/lib/python3.14/site-packages/flask/templating.py", line 150, in render_template
    template = app.jinja_env.get_or_select_template(template_name_or_list)
  File "/home/luke/Plocha/Serverpanel/Libraries/lib/python3.14/site-packages/jinja2/environment.py", line 1087, in get_or_select_template
    return self.get_template(template_name_or_list, parent, globals)
           ~~~~~~~~~~~~~~~~~^^^^^^^^^^^^^^^^^^^^^^^^^^^^^^^^^^^^^^^^
  File "/home/luke/Plocha/Serverpanel/Libraries/lib/python3.14/site-packages/jinja2/environment.py", line 1016, in get_template
    return self._load_template(name, globals)
           ~~~~~~~~~~~~~~~~~~~^^^^^^^^^^^^^^^
  File "/home/luke/Plocha/Serverpanel/Libraries/lib/python3.14/site-packages/jinja2/environment.py", line 975, in _load_template
    template = self.loader.load(self, name, self.make_globals(globals))
  File "/home/luke/Plocha/Serverpanel/Libraries/lib/python3.14/site-packages/jinja2/loaders.py", line 138, in load
    code = environment.compile(source, name, filename)
  File "/home/luke/Plocha/Serverpanel/Libraries/lib/python3.14/site-packages/jinja2/environment.py", line 771, in compile
    self.handle_exception(source=source_hint)
    ~~~~~~~~~~~~~~~~~~~~~^^^^^^^^^^^^^^^^^^^^
  File "/home/luke/Plocha/Serverpanel/Libraries/lib/python3.14/site-packages/jinja2/environment.py", line 942, in handle_exception
    raise rewrite_traceback_stack(source=source)
  File "/home/luke/Plocha/Serverpanel/Pages/login.html", line 221, in template
    {{% if error %}}
    ^^^^^
jinja2.exceptions.TemplateSyntaxError: unexpected '%'
ERROR:app:Exception on / [GET]
Traceback (most recent call last):
  File "/home/luke/Plocha/Serverpanel/Libraries/lib/python3.14/site-packages/flask/app.py", line 1511, in wsgi_app
    response = self.full_dispatch_request()
  File "/home/luke/Plocha/Serverpanel/Libraries/lib/python3.14/site-packages/flask/app.py", line 919, in full_dispatch_request
    rv = self.handle_user_exception(e)
  File "/home/luke/Plocha/Serverpanel/Libraries/lib/python3.14/site-packages/flask/app.py", line 917, in full_dispatch_request
    rv = self.dispatch_request()
  File "/home/luke/Plocha/Serverpanel/Libraries/lib/python3.14/site-packages/flask/app.py", line 902, in dispatch_request
    return self.ensure_sync(self.view_functions[rule.endpoint])(**view_args)  # type: ignore[no-any-return]
           ~~~~~~~~~~~~~~~~~~~~~~~~~~~~~~~~~~~~~~~~~~~~~~~~~~~~^^^^^^^^^^^^^
  File "/home/luke/Plocha/Serverpanel/app.py", line 24, in index
    return render_template(
        "login.html",
    ...<4 lines>...
            "hostname": socket.gethostname()
        })
  File "/home/luke/Plocha/Serverpanel/Libraries/lib/python3.14/site-packages/flask/templating.py", line 150, in render_template
    template = app.jinja_env.get_or_select_template(template_name_or_list)
  File "/home/luke/Plocha/Serverpanel/Libraries/lib/python3.14/site-packages/jinja2/environment.py", line 1087, in get_or_select_template
    return self.get_template(template_name_or_list, parent, globals)
           ~~~~~~~~~~~~~~~~~^^^^^^^^^^^^^^^^^^^^^^^^^^^^^^^^^^^^^^^^
  File "/home/luke/Plocha/Serverpanel/Libraries/lib/python3.14/site-packages/jinja2/environment.py", line 1016, in get_template
    return self._load_template(name, globals)
           ~~~~~~~~~~~~~~~~~~~^^^^^^^^^^^^^^^
  File "/home/luke/Plocha/Serverpanel/Libraries/lib/python3.14/site-packages/jinja2/environment.py", line 975, in _load_template
    template = self.loader.load(self, name, self.make_globals(globals))
  File "/home/luke/Plocha/Serverpanel/Libraries/lib/python3.14/site-packages/jinja2/loaders.py", line 138, in load
    code = environment.compile(source, name, filename)
  File "/home/luke/Plocha/Serverpanel/Libraries/lib/python3.14/site-packages/jinja2/environment.py", line 771, in compile
    self.handle_exception(source=source_hint)
    ~~~~~~~~~~~~~~~~~~~~~^^^^^^^^^^^^^^^^^^^^
  File "/home/luke/Plocha/Serverpanel/Libraries/lib/python3.14/site-packages/jinja2/environment.py", line 942, in handle_exception
    raise rewrite_traceback_stack(source=source)
  File "/home/luke/Plocha/Serverpanel/Pages/login.html", line 221, in template
    {{% if error %}}
    ^^^^^
jinja2.exceptions.TemplateSyntaxError: unexpected '%'
ERROR:app:Exception on / [GET]
Traceback (most recent call last):
  File "/home/luke/Plocha/Serverpanel/Libraries/lib/python3.14/site-packages/flask/app.py", line 1511, in wsgi_app
    response = self.full_dispatch_request()
  File "/home/luke/Plocha/Serverpanel/Libraries/lib/python3.14/site-packages/flask/app.py", line 919, in full_dispatch_request
    rv = self.handle_user_exception(e)
  File "/home/luke/Plocha/Serverpanel/Libraries/lib/python3.14/site-packages/flask/app.py", line 917, in full_dispatch_request
    rv = self.dispatch_request()
  File "/home/luke/Plocha/Serverpanel/Libraries/lib/python3.14/site-packages/flask/app.py", line 902, in dispatch_request
    return self.ensure_sync(self.view_functions[rule.endpoint])(**view_args)  # type: ignore[no-any-return]
           ~~~~~~~~~~~~~~~~~~~~~~~~~~~~~~~~~~~~~~~~~~~~~~~~~~~~^^^^^^^^^^^^^
  File "/home/luke/Plocha/Serverpanel/app.py", line 24, in index
    return render_template(
        "login.html",
    ...<4 lines>...
            "hostname": socket.gethostname()
        })
  File "/home/luke/Plocha/Serverpanel/Libraries/lib/python3.14/site-packages/flask/templating.py", line 150, in render_template
    template = app.jinja_env.get_or_select_template(template_name_or_list)
  File "/home/luke/Plocha/Serverpanel/Libraries/lib/python3.14/site-packages/jinja2/environment.py", line 1087, in get_or_select_template
    return self.get_template(template_name_or_list, parent, globals)
           ~~~~~~~~~~~~~~~~~^^^^^^^^^^^^^^^^^^^^^^^^^^^^^^^^^^^^^^^^
  File "/home/luke/Plocha/Serverpanel/Libraries/lib/python3.14/site-packages/jinja2/environment.py", line 1016, in get_template
    return self._load_template(name, globals)
           ~~~~~~~~~~~~~~~~~~~^^^^^^^^^^^^^^^
  File "/home/luke/Plocha/Serverpanel/Libraries/lib/python3.14/site-packages/jinja2/environment.py", line 975, in _load_template
    template = self.loader.load(self, name, self.make_globals(globals))
  File "/home/luke/Plocha/Serverpanel/Libraries/lib/python3.14/site-packages/jinja2/loaders.py", line 138, in load
    code = environment.compile(source, name, filename)
  File "/home/luke/Plocha/Serverpanel/Libraries/lib/python3.14/site-packages/jinja2/environment.py", line 771, in compile
    self.handle_exception(source=source_hint)
    ~~~~~~~~~~~~~~~~~~~~~^^^^^^^^^^^^^^^^^^^^
  File "/home/luke/Plocha/Serverpanel/Libraries/lib/python3.14/site-packages/jinja2/environment.py", line 942, in handle_exception
    raise rewrite_traceback_stack(source=source)
  File "/home/luke/Plocha/Serverpanel/Pages/login.html", line 221, in template
    {{% if error %}}
    ^^^^^
jinja2.exceptions.TemplateSyntaxError: unexpected '%'
ERROR:app:Exception on / [GET]
Traceback (most recent call last):
  File "/home/luke/Plocha/Serverpanel/Libraries/lib/python3.14/site-packages/flask/app.py", line 1511, in wsgi_app
    response = self.full_dispatch_request()
  File "/home/luke/Plocha/Serverpanel/Libraries/lib/python3.14/site-packages/flask/app.py", line 919, in full_dispatch_request
    rv = self.handle_user_exception(e)
  File "/home/luke/Plocha/Serverpanel/Libraries/lib/python3.14/site-packages/flask/app.py", line 917, in full_dispatch_request
    rv = self.dispatch_request()
  File "/home/luke/Plocha/Serverpanel/Libraries/lib/python3.14/site-packages/flask/app.py", line 902, in dispatch_request
    return self.ensure_sync(self.view_functions[rule.endpoint])(**view_args)  # type: ignore[no-any-return]
           ~~~~~~~~~~~~~~~~~~~~~~~~~~~~~~~~~~~~~~~~~~~~~~~~~~~~^^^^^^^^^^^^^
  File "/home/luke/Plocha/Serverpanel/app.py", line 50, in index
    return render_template(
        "login.html",
    ...<4 lines>...
            "hostname": socket.gethostname()
        })
  File "/home/luke/Plocha/Serverpanel/Libraries/lib/python3.14/site-packages/flask/templating.py", line 150, in render_template
    template = app.jinja_env.get_or_select_template(template_name_or_list)
  File "/home/luke/Plocha/Serverpanel/Libraries/lib/python3.14/site-packages/jinja2/environment.py", line 1087, in get_or_select_template
    return self.get_template(template_name_or_list, parent, globals)
           ~~~~~~~~~~~~~~~~~^^^^^^^^^^^^^^^^^^^^^^^^^^^^^^^^^^^^^^^^
  File "/home/luke/Plocha/Serverpanel/Libraries/lib/python3.14/site-packages/jinja2/environment.py", line 1016, in get_template
    return self._load_template(name, globals)
           ~~~~~~~~~~~~~~~~~~~^^^^^^^^^^^^^^^
  File "/home/luke/Plocha/Serverpanel/Libraries/lib/python3.14/site-packages/jinja2/environment.py", line 975, in _load_template
    template = self.loader.load(self, name, self.make_globals(globals))
  File "/home/luke/Plocha/Serverpanel/Libraries/lib/python3.14/site-packages/jinja2/loaders.py", line 138, in load
    code = environment.compile(source, name, filename)
  File "/home/luke/Plocha/Serverpanel/Libraries/lib/python3.14/site-packages/jinja2/environment.py", line 771, in compile
    self.handle_exception(source=source_hint)
    ~~~~~~~~~~~~~~~~~~~~~^^^^^^^^^^^^^^^^^^^^
  File "/home/luke/Plocha/Serverpanel/Libraries/lib/python3.14/site-packages/jinja2/environment.py", line 942, in handle_exception
    raise rewrite_traceback_stack(source=source)
  File "/home/luke/Plocha/Serverpanel/Pages/login.html", line 221, in template
    {{% if error %}}
    ^^^^^
jinja2.exceptions.TemplateSyntaxError: unexpected '%'
ERROR:app:Exception on / [GET]
Traceback (most recent call last):
  File "/home/luke/Plocha/Serverpanel/Libraries/lib/python3.14/site-packages/flask/app.py", line 1511, in wsgi_app
    response = self.full_dispatch_request()
  File "/home/luke/Plocha/Serverpanel/Libraries/lib/python3.14/site-packages/flask/app.py", line 919, in full_dispatch_request
    rv = self.handle_user_exception(e)
  File "/home/luke/Plocha/Serverpanel/Libraries/lib/python3.14/site-packages/flask/app.py", line 917, in full_dispatch_request
    rv = self.dispatch_request()
  File "/home/luke/Plocha/Serverpanel/Libraries/lib/python3.14/site-packages/flask/app.py", line 902, in dispatch_request
    return self.ensure_sync(self.view_functions[rule.endpoint])(**view_args)  # type: ignore[no-any-return]
           ~~~~~~~~~~~~~~~~~~~~~~~~~~~~~~~~~~~~~~~~~~~~~~~~~~~~^^^^^^^^^^^^^
  File "/home/luke/Plocha/Serverpanel/app.py", line 50, in index
    return render_template(
        "login.html",
    ...<4 lines>...
            "hostname": socket.gethostname()
        })
  File "/home/luke/Plocha/Serverpanel/Libraries/lib/python3.14/site-packages/flask/templating.py", line 150, in render_template
    template = app.jinja_env.get_or_select_template(template_name_or_list)
  File "/home/luke/Plocha/Serverpanel/Libraries/lib/python3.14/site-packages/jinja2/environment.py", line 1087, in get_or_select_template
    return self.get_template(template_name_or_list, parent, globals)
           ~~~~~~~~~~~~~~~~~^^^^^^^^^^^^^^^^^^^^^^^^^^^^^^^^^^^^^^^^
  File "/home/luke/Plocha/Serverpanel/Libraries/lib/python3.14/site-packages/jinja2/environment.py", line 1016, in get_template
    return self._load_template(name, globals)
           ~~~~~~~~~~~~~~~~~~~^^^^^^^^^^^^^^^
  File "/home/luke/Plocha/Serverpanel/Libraries/lib/python3.14/site-packages/jinja2/environment.py", line 975, in _load_template
    template = self.loader.load(self, name, self.make_globals(globals))
  File "/home/luke/Plocha/Serverpanel/Libraries/lib/python3.14/site-packages/jinja2/loaders.py", line 138, in load
    code = environment.compile(source, name, filename)
  File "/home/luke/Plocha/Serverpanel/Libraries/lib/python3.14/site-packages/jinja2/environment.py", line 771, in compile
    self.handle_exception(source=source_hint)
    ~~~~~~~~~~~~~~~~~~~~~^^^^^^^^^^^^^^^^^^^^
  File "/home/luke/Plocha/Serverpanel/Libraries/lib/python3.14/site-packages/jinja2/environment.py", line 942, in handle_exception
    raise rewrite_traceback_stack(source=source)
  File "/home/luke/Plocha/Serverpanel/Pages/login.html", line 221, in template
    {{% if error %}}
    ^^^^^
jinja2.exceptions.TemplateSyntaxError: unexpected '%'
